python : AXES: BEGIN version 6.1.1, blocking by ip_address
At line:1 char:1
+ python .\manage.py runserver --nothreading 2> errors.txt
+ ~~~~~~~~~~~~~~~~~~~~~~~~~~~~~~~~~~~~~~~~~~~~~~~~~~~~~~~~
    + CategoryInfo          : NotSpecified: (AXES: BEGIN ver...g by ip_address:String) [] 
   , RemoteException
    + FullyQualifiedErrorId : NativeCommandError
 
AXES: BEGIN version 6.1.1, blocking by ip_address
Watching for file changes with StatReloader
Watching for file changes with StatReloader
[07/Oct/2023 00:42:10] [m"GET /apartment/ HTTP/1.1" 200 18680[0m
[07/Oct/2023 00:42:23] [32m"POST /apartment/ HTTP/1.1" 302 0[0m
message='Request to Stripe api' method=post path=https://api.stripe.com/v1/checkout/sessio
ns
api_version=2023-08-16 message='Post details' post_data=payment_method_types[0]=card&line_
items[0][price_data][currency]=eur&line_items[0][price_data][product_data][name]=Apartment
+Booking&line_items[0][price_data][unit_amount]=5000&line_items[0][quantity]=1&mode=paymen
t&success_url=http%3A%2F%2F127.0.0.1%3A8000%2Fbooking-success%2F&cancel_url=http%3A%2F%2F1
27.0.0.1%3A8000%2Fapartment%2F&metadata[temp_booking]=%7B%22apartment_id%22%3A+7%2C+%22use
r_id%22%3A+1%2C+%22check_in_date%22%3A+%222023-10-29%22%2C+%22check_out_date%22%3A+%222023
-10-30%22%2C+%22number_of_guests%22%3A+1%2C+%22total_price%22%3A+%2250.00%22%7D
Starting new HTTPS connection (1): api.stripe.com:443
https://api.stripe.com:443 "POST /v1/checkout/sessions HTTP/1.1" 200 2416
message='Stripe API response' path=https://api.stripe.com/v1/checkout/sessions response_co
de=200
body='{\n  "id": "cs_test_a1a10QtL6xMQaAy0iTHdULV5jfKlH21HHbIdPH3FfHzyZoXNiVShnrsoON",\n  
"object": "checkout.session",\n  "after_expiration": null,\n  "allow_promotion_codes": nul
l,\n  "amount_subtotal": 5000,\n  "amount_total": 5000,\n  "automatic_tax": {\n    "enable
d": false,\n    "status": null\n  },\n  "billing_address_collection": null,\n  "cancel_url
": "http://127.0.0.1:8000/apartment/",\n  "client_reference_id": null,\n  "consent": null,
\n  "consent_collection": null,\n  "created": 1696632130,\n  "currency": "eur",\n  "curren
cy_conversion": null,\n  "custom_fields": [],\n  "custom_text": {\n    "shipping_address":
 null,\n    "submit": null,\n    "terms_of_service_acceptance": null\n  },\n  "customer": 
null,\n  "customer_creation": "if_required",\n  "customer_details": null,\n  "customer_ema
il": null,\n  "expires_at": 1696718529,\n  "invoice": null,\n  "invoice_creation": {\n    
"enabled": false,\n    "invoice_data": {\n      "account_tax_ids": null,\n      "custom_fi
elds": null,\n      "description": null,\n      "footer": null,\n      "metadata": {},\n  
    "rendering_options": null\n    }\n  },\n  "livemode": false,\n  "locale": null,\n  "me
tadata": {\n    "temp_booking": "{\\"apartment_id\\": 7, \\"user_id\\": 1, \\"check_in_dat
e\\": \\"2023-10-29\\", \\"check_out_date\\": \\"2023-10-30\\", \\"number_of_guests\\": 1,
 \\"total_price\\": \\"50.00\\"}"\n  },\n  "mode": "payment",\n  "payment_intent": null,\n
  "payment_link": null,\n  "payment_method_collection": "if_required",\n  "payment_method_
configuration_details": null,\n  "payment_method_options": {},\n  "payment_method_types": 
[\n    "card"\n  ],\n  "payment_status": "unpaid",\n  "phone_number_collection": {\n    "e
nabled": false\n  },\n  "recovered_from": null,\n  "setup_intent": null,\n  "shipping_addr
ess_collection": null,\n  "shipping_cost": null,\n  "shipping_details": null,\n  "shipping
_options": [],\n  "status": "open",\n  "submit_type": null,\n  "subscription": null,\n  "s
uccess_url": "http://127.0.0.1:8000/booking-success/",\n  "total_details": {\n    "amount_
discount": 0,\n    "amount_shipping": 0,\n    "amount_tax": 0\n  },\n  "url": "https://che
ckout.stripe.com/c/pay/cs_test_a1a10QtL6xMQaAy0iTHdULV5jfKlH21HHbIdPH3FfHzyZoXNiVShnrsoON#
fidkdWxOYHwnPyd1blpxYHZxWjA0S30zXHNJSHVPdj1LalNKT3xGTHFjf0J%2FMkRuNHVSU2RcakJwVz1QQ19OT1RP
Nn9ObTBtNm4wf2Q8cVBPT3x%2Fc00xTnM3dXx2ZEdAX0dhNTZ1c2ZrVmw8NTVSXHBhVENxTycpJ2N3amhWYHdzYHcn
P3F3cGApJ2lkfGpwcVF8dWAnPyd2bGtiaWBabHFgaCcpJ2BrZGdpYFVpZGZgbWppYWB3dic%2FcXdwYHgl"\n}' me
ssage='API response body'
link=https://dashboard.stripe.com/test/logs/req_9iJqBNWgYH1oUc message='Dashboard link for
 request'
[07/Oct/2023 00:42:23] [32m"GET /start-payment/ HTTP/1.1" 302 0[0m
Internal Server Error: /stripe/webhook
Traceback (most recent call last):
  File "D:\Projects\hotel-app\virtual-env\Lib\site-packages\django\core\handlers\exception
.py", line 55, in inner
    response = get_response(request)
               ^^^^^^^^^^^^^^^^^^^^^
  File "D:\Projects\hotel-app\virtual-env\Lib\site-packages\django\utils\deprecation.py", 
line 136, in __call__
    response = self.process_response(request, response)
               ^^^^^^^^^^^^^^^^^^^^^^^^^^^^^^^^^^^^^^^^
  File "D:\Projects\hotel-app\virtual-env\Lib\site-packages\django\middleware\common.py", 
line 108, in process_response
    return self.response_redirect_class(self.get_full_path_with_slash(request))
                                        ^^^^^^^^^^^^^^^^^^^^^^^^^^^^^^^^^^^^^^
  File "D:\Projects\hotel-app\virtual-env\Lib\site-packages\django\middleware\common.py", 
line 87, in get_full_path_with_slash
    raise RuntimeError(
RuntimeError: You called this URL via POST, but the URL doesn't end in a slash and you hav
e APPEND_SLASH set. Django can't redirect to the slash URL while maintaining POST data. Ch
ange your form to point to localhost:8000/stripe/webhook/ (note the trailing slash), or se
t APPEND_SLASH=False in your Django settings.
Internal Server Error: /stripe/webhook
Traceback (most recent call last):
  File "D:\Projects\hotel-app\virtual-env\Lib\site-packages\django\core\handlers\exception
.py", line 55, in inner
    response = get_response(request)
               ^^^^^^^^^^^^^^^^^^^^^
  File "D:\Projects\hotel-app\virtual-env\Lib\site-packages\django\utils\deprecation.py", 
line 136, in __call__
    response = self.process_response(request, response)
               ^^^^^^^^^^^^^^^^^^^^^^^^^^^^^^^^^^^^^^^^
  File "D:\Projects\hotel-app\virtual-env\Lib\site-packages\django\middleware\common.py", 
line 108, in process_response
    return self.response_redirect_class(self.get_full_path_with_slash(request))
                                        ^^^^^^^^^^^^^^^^^^^^^^^^^^^^^^^^^^^^^^
  File "D:\Projects\hotel-app\virtual-env\Lib\site-packages\django\middleware\common.py", 
line 87, in get_full_path_with_slash
    raise RuntimeError(
RuntimeError: You called this URL via POST, but the URL doesn't end in a slash and you hav
e APPEND_SLASH set. Django can't redirect to the slash URL while maintaining POST data. Ch
ange your form to point to localhost:8000/stripe/webhook/ (note the trailing slash), or se
t APPEND_SLASH=False in your Django settings.
[07/Oct/2023 00:42:46] [35;1m"POST /stripe/webhook HTTP/1.1" 500 76469[0m
[07/Oct/2023 00:42:46] [m"GET /booking-success/ HTTP/1.1" 200 4121[0m
Internal Server Error: /stripe/webhook
Traceback (most recent call last):
  File "D:\Projects\hotel-app\virtual-env\Lib\site-packages\django\core\handlers\exception
.py", line 55, in inner
    response = get_response(request)
               ^^^^^^^^^^^^^^^^^^^^^
  File "D:\Projects\hotel-app\virtual-env\Lib\site-packages\django\utils\deprecation.py", 
line 136, in __call__
    response = self.process_response(request, response)
               ^^^^^^^^^^^^^^^^^^^^^^^^^^^^^^^^^^^^^^^^
  File "D:\Projects\hotel-app\virtual-env\Lib\site-packages\django\middleware\common.py", 
line 108, in process_response
    return self.response_redirect_class(self.get_full_path_with_slash(request))
                                        ^^^^^^^^^^^^^^^^^^^^^^^^^^^^^^^^^^^^^^
  File "D:\Projects\hotel-app\virtual-env\Lib\site-packages\django\middleware\common.py", 
line 87, in get_full_path_with_slash
    raise RuntimeError(
RuntimeError: You called this URL via POST, but the URL doesn't end in a slash and you hav
e APPEND_SLASH set. Django can't redirect to the slash URL while maintaining POST data. Ch
ange your form to point to localhost:8000/stripe/webhook/ (note the trailing slash), or se
t APPEND_SLASH=False in your Django settings.
Internal Server Error: /stripe/webhook
Traceback (most recent call last):
  File "D:\Projects\hotel-app\virtual-env\Lib\site-packages\django\core\handlers\exception
.py", line 55, in inner
    response = get_response(request)
               ^^^^^^^^^^^^^^^^^^^^^
  File "D:\Projects\hotel-app\virtual-env\Lib\site-packages\django\utils\deprecation.py", 
line 136, in __call__
    response = self.process_response(request, response)
               ^^^^^^^^^^^^^^^^^^^^^^^^^^^^^^^^^^^^^^^^
  File "D:\Projects\hotel-app\virtual-env\Lib\site-packages\django\middleware\common.py", 
line 108, in process_response
    return self.response_redirect_class(self.get_full_path_with_slash(request))
                                        ^^^^^^^^^^^^^^^^^^^^^^^^^^^^^^^^^^^^^^
  File "D:\Projects\hotel-app\virtual-env\Lib\site-packages\django\middleware\common.py", 
line 87, in get_full_path_with_slash
    raise RuntimeError(
RuntimeError: You called this URL via POST, but the URL doesn't end in a slash and you hav
e APPEND_SLASH set. Django can't redirect to the slash URL while maintaining POST data. Ch
ange your form to point to localhost:8000/stripe/webhook/ (note the trailing slash), or se
t APPEND_SLASH=False in your Django settings.
[07/Oct/2023 00:50:42] [35;1m"POST /stripe/webhook HTTP/1.1" 500 76469[0m
Internal Server Error: /stripe/webhook
Traceback (most recent call last):
  File "D:\Projects\hotel-app\virtual-env\Lib\site-packages\django\core\handlers\exception
.py", line 55, in inner
    response = get_response(request)
               ^^^^^^^^^^^^^^^^^^^^^
  File "D:\Projects\hotel-app\virtual-env\Lib\site-packages\django\utils\deprecation.py", 
line 136, in __call__
    response = self.process_response(request, response)
               ^^^^^^^^^^^^^^^^^^^^^^^^^^^^^^^^^^^^^^^^
  File "D:\Projects\hotel-app\virtual-env\Lib\site-packages\django\middleware\common.py", 
line 108, in process_response
    return self.response_redirect_class(self.get_full_path_with_slash(request))
                                        ^^^^^^^^^^^^^^^^^^^^^^^^^^^^^^^^^^^^^^
  File "D:\Projects\hotel-app\virtual-env\Lib\site-packages\django\middleware\common.py", 
line 87, in get_full_path_with_slash
    raise RuntimeError(
RuntimeError: You called this URL via POST, but the URL doesn't end in a slash and you hav
e APPEND_SLASH set. Django can't redirect to the slash URL while maintaining POST data. Ch
ange your form to point to localhost:8000/stripe/webhook/ (note the trailing slash), or se
t APPEND_SLASH=False in your Django settings.
Internal Server Error: /stripe/webhook
Traceback (most recent call last):
  File "D:\Projects\hotel-app\virtual-env\Lib\site-packages\django\core\handlers\exception
.py", line 55, in inner
    response = get_response(request)
               ^^^^^^^^^^^^^^^^^^^^^
  File "D:\Projects\hotel-app\virtual-env\Lib\site-packages\django\utils\deprecation.py", 
line 136, in __call__
    response = self.process_response(request, response)
               ^^^^^^^^^^^^^^^^^^^^^^^^^^^^^^^^^^^^^^^^
  File "D:\Projects\hotel-app\virtual-env\Lib\site-packages\django\middleware\common.py", 
line 108, in process_response
    return self.response_redirect_class(self.get_full_path_with_slash(request))
                                        ^^^^^^^^^^^^^^^^^^^^^^^^^^^^^^^^^^^^^^
  File "D:\Projects\hotel-app\virtual-env\Lib\site-packages\django\middleware\common.py", 
line 87, in get_full_path_with_slash
    raise RuntimeError(
RuntimeError: You called this URL via POST, but the URL doesn't end in a slash and you hav
e APPEND_SLASH set. Django can't redirect to the slash URL while maintaining POST data. Ch
ange your form to point to localhost:8000/stripe/webhook/ (note the trailing slash), or se
t APPEND_SLASH=False in your Django settings.
[07/Oct/2023 00:50:42] [35;1m"POST /stripe/webhook HTTP/1.1" 500 76469[0m
Internal Server Error: /stripe/webhook
Traceback (most recent call last):
  File "D:\Projects\hotel-app\virtual-env\Lib\site-packages\django\core\handlers\exception
.py", line 55, in inner
    response = get_response(request)
               ^^^^^^^^^^^^^^^^^^^^^
  File "D:\Projects\hotel-app\virtual-env\Lib\site-packages\django\utils\deprecation.py", 
line 136, in __call__
    response = self.process_response(request, response)
               ^^^^^^^^^^^^^^^^^^^^^^^^^^^^^^^^^^^^^^^^
  File "D:\Projects\hotel-app\virtual-env\Lib\site-packages\django\middleware\common.py", 
line 108, in process_response
    return self.response_redirect_class(self.get_full_path_with_slash(request))
                                        ^^^^^^^^^^^^^^^^^^^^^^^^^^^^^^^^^^^^^^
  File "D:\Projects\hotel-app\virtual-env\Lib\site-packages\django\middleware\common.py", 
line 87, in get_full_path_with_slash
    raise RuntimeError(
RuntimeError: You called this URL via POST, but the URL doesn't end in a slash and you hav
e APPEND_SLASH set. Django can't redirect to the slash URL while maintaining POST data. Ch
ange your form to point to localhost:8000/stripe/webhook/ (note the trailing slash), or se
t APPEND_SLASH=False in your Django settings.
Internal Server Error: /stripe/webhook
Traceback (most recent call last):
  File "D:\Projects\hotel-app\virtual-env\Lib\site-packages\django\core\handlers\exception
.py", line 55, in inner
    response = get_response(request)
               ^^^^^^^^^^^^^^^^^^^^^
  File "D:\Projects\hotel-app\virtual-env\Lib\site-packages\django\utils\deprecation.py", 
line 136, in __call__
    response = self.process_response(request, response)
               ^^^^^^^^^^^^^^^^^^^^^^^^^^^^^^^^^^^^^^^^
  File "D:\Projects\hotel-app\virtual-env\Lib\site-packages\django\middleware\common.py", 
line 108, in process_response
    return self.response_redirect_class(self.get_full_path_with_slash(request))
                                        ^^^^^^^^^^^^^^^^^^^^^^^^^^^^^^^^^^^^^^
  File "D:\Projects\hotel-app\virtual-env\Lib\site-packages\django\middleware\common.py", 
line 87, in get_full_path_with_slash
    raise RuntimeError(
RuntimeError: You called this URL via POST, but the URL doesn't end in a slash and you hav
e APPEND_SLASH set. Django can't redirect to the slash URL while maintaining POST data. Ch
ange your form to point to localhost:8000/stripe/webhook/ (note the trailing slash), or se
t APPEND_SLASH=False in your Django settings.
[07/Oct/2023 00:50:42] [35;1m"POST /stripe/webhook HTTP/1.1" 500 76469[0m
[07/Oct/2023 00:51:05] [m"GET /apartment/ HTTP/1.1" 200 18680[0m
[07/Oct/2023 00:51:15] [32m"POST /apartment/ HTTP/1.1" 302 0[0m
message='Request to Stripe api' method=post path=https://api.stripe.com/v1/checkout/sessio
ns
api_version=2023-08-16 message='Post details' post_data=payment_method_types[0]=card&line_
items[0][price_data][currency]=eur&line_items[0][price_data][product_data][name]=Apartment
+Booking&line_items[0][price_data][unit_amount]=5000&line_items[0][quantity]=1&mode=paymen
t&success_url=http%3A%2F%2F127.0.0.1%3A8000%2Fbooking-success%2F&cancel_url=http%3A%2F%2F1
27.0.0.1%3A8000%2Fapartment%2F&metadata[temp_booking]=%7B%22apartment_id%22%3A+7%2C+%22use
r_id%22%3A+1%2C+%22check_in_date%22%3A+%222023-10-24%22%2C+%22check_out_date%22%3A+%222023
-10-25%22%2C+%22number_of_guests%22%3A+1%2C+%22total_price%22%3A+%2250.00%22%7D
Resetting dropped connection: api.stripe.com
https://api.stripe.com:443 "POST /v1/checkout/sessions HTTP/1.1" 200 2416
message='Stripe API response' path=https://api.stripe.com/v1/checkout/sessions response_co
de=200
body='{\n  "id": "cs_test_a1SfZP0pBCpeeKXJ0KsF7wFa1eRrqJhX5OHCiYMaDMzAeKHO9852JMbpxv",\n  
"object": "checkout.session",\n  "after_expiration": null,\n  "allow_promotion_codes": nul
l,\n  "amount_subtotal": 5000,\n  "amount_total": 5000,\n  "automatic_tax": {\n    "enable
d": false,\n    "status": null\n  },\n  "billing_address_collection": null,\n  "cancel_url
": "http://127.0.0.1:8000/apartment/",\n  "client_reference_id": null,\n  "consent": null,
\n  "consent_collection": null,\n  "created": 1696632662,\n  "currency": "eur",\n  "curren
cy_conversion": null,\n  "custom_fields": [],\n  "custom_text": {\n    "shipping_address":
 null,\n    "submit": null,\n    "terms_of_service_acceptance": null\n  },\n  "customer": 
null,\n  "customer_creation": "if_required",\n  "customer_details": null,\n  "customer_ema
il": null,\n  "expires_at": 1696719062,\n  "invoice": null,\n  "invoice_creation": {\n    
"enabled": false,\n    "invoice_data": {\n      "account_tax_ids": null,\n      "custom_fi
elds": null,\n      "description": null,\n      "footer": null,\n      "metadata": {},\n  
    "rendering_options": null\n    }\n  },\n  "livemode": false,\n  "locale": null,\n  "me
tadata": {\n    "temp_booking": "{\\"apartment_id\\": 7, \\"user_id\\": 1, \\"check_in_dat
e\\": \\"2023-10-24\\", \\"check_out_date\\": \\"2023-10-25\\", \\"number_of_guests\\": 1,
 \\"total_price\\": \\"50.00\\"}"\n  },\n  "mode": "payment",\n  "payment_intent": null,\n
  "payment_link": null,\n  "payment_method_collection": "if_required",\n  "payment_method_
configuration_details": null,\n  "payment_method_options": {},\n  "payment_method_types": 
[\n    "card"\n  ],\n  "payment_status": "unpaid",\n  "phone_number_collection": {\n    "e
nabled": false\n  },\n  "recovered_from": null,\n  "setup_intent": null,\n  "shipping_addr
ess_collection": null,\n  "shipping_cost": null,\n  "shipping_details": null,\n  "shipping
_options": [],\n  "status": "open",\n  "submit_type": null,\n  "subscription": null,\n  "s
uccess_url": "http://127.0.0.1:8000/booking-success/",\n  "total_details": {\n    "amount_
discount": 0,\n    "amount_shipping": 0,\n    "amount_tax": 0\n  },\n  "url": "https://che
ckout.stripe.com/c/pay/cs_test_a1SfZP0pBCpeeKXJ0KsF7wFa1eRrqJhX5OHCiYMaDMzAeKHO9852JMbpxv#
fidkdWxOYHwnPyd1blpxYHZxWjA0S30zXHNJSHVPdj1LalNKT3xGTHFjf0J%2FMkRuNHVSU2RcakJwVz1QQ19OT1RP
Nn9ObTBtNm4wf2Q8cVBPT3x%2Fc00xTnM3dXx2ZEdAX0dhNTZ1c2ZrVmw8NTVSXHBhVENxTycpJ2N3amhWYHdzYHcn
P3F3cGApJ2lkfGpwcVF8dWAnPyd2bGtiaWBabHFgaCcpJ2BrZGdpYFVpZGZgbWppYWB3dic%2FcXdwYHgl"\n}' me
ssage='API response body'
link=https://dashboard.stripe.com/test/logs/req_yOuicfvERpRGae message='Dashboard link for
 request'
[07/Oct/2023 00:51:16] [32m"GET /start-payment/ HTTP/1.1" 302 0[0m
[07/Oct/2023 00:51:50] [m"POST /stripe/webhook/ HTTP/1.1" 200 21[0m
[07/Oct/2023 00:51:50] [m"POST /stripe/webhook/ HTTP/1.1" 200 21[0m
Handling session cs_test_a1SfZP0pBCpeeKXJ0KsF7wFa1eRrqJhX5OHCiYMaDMzAeKHO9852JMbpxv
Booking saved with ID 29
[07/Oct/2023 00:51:50] [m"POST /stripe/webhook/ HTTP/1.1" 200 21[0m
[07/Oct/2023 00:51:50] [m"POST /stripe/webhook/ HTTP/1.1" 200 21[0m
[07/Oct/2023 00:51:51] [m"GET /booking-success/ HTTP/1.1" 200 4121[0m
[07/Oct/2023 00:51:55] [m"GET /admin/bookings/booking/ HTTP/1.1" 200 11671[0m
[07/Oct/2023 00:51:55] [m"GET /admin/jsi18n/ HTTP/1.1" 200 3343[0m
[07/Oct/2023 00:51:57] [m"GET /admin/bookings/booking/29/change/ HTTP/1.1" 200 15333[0m
[07/Oct/2023 00:51:57] [m"GET /admin/jsi18n/ HTTP/1.1" 200 3343[0m
D:\Projects\hotel-app\bookings\views\apartment_views.py changed, reloading.
D:\Projects\hotel-app\bookings\views\apartment_views.py changed, reloading.
AXES: BEGIN version 6.1.1, blocking by ip_address
Watching for file changes with StatReloader
Watching for file changes with StatReloader
Exception in thread django-main-thread:
Traceback (most recent call last):
  File "C:\Users\danko\AppData\Local\Programs\Python\Python311\Lib\threading.py", line 103
8, in _bootstrap_inner
    self.run()
  File "C:\Users\danko\AppData\Local\Programs\Python\Python311\Lib\threading.py", line 975
, in run
    self._target(*self._args, **self._kwargs)
  File "D:\Projects\hotel-app\virtual-env\Lib\site-packages\django\utils\autoreload.py", l
ine 64, in wrapper
    fn(*args, **kwargs)
  File "D:\Projects\hotel-app\virtual-env\Lib\site-packages\django\core\management\command
s\runserver.py", line 133, in inner_run
    self.check(display_num_errors=True)
  File "D:\Projects\hotel-app\virtual-env\Lib\site-packages\django\core\management\base.py
", line 485, in check
    all_issues = checks.run_checks(
                 ^^^^^^^^^^^^^^^^^^
  File "D:\Projects\hotel-app\virtual-env\Lib\site-packages\django\core\checks\registry.py
", line 88, in run_checks
    new_errors = check(app_configs=app_configs, databases=databases)
                 ^^^^^^^^^^^^^^^^^^^^^^^^^^^^^^^^^^^^^^^^^^^^^^^^^^^
  File "D:\Projects\hotel-app\virtual-env\Lib\site-packages\django\core\checks\urls.py", l
ine 42, in check_url_namespaces_unique
    all_namespaces = _load_all_namespaces(resolver)
                     ^^^^^^^^^^^^^^^^^^^^^^^^^^^^^^
  File "D:\Projects\hotel-app\virtual-env\Lib\site-packages\django\core\checks\urls.py", l
ine 61, in _load_all_namespaces
    url_patterns = getattr(resolver, "url_patterns", [])
                   ^^^^^^^^^^^^^^^^^^^^^^^^^^^^^^^^^^^^^
  File "D:\Projects\hotel-app\virtual-env\Lib\site-packages\django\utils\functional.py", l
ine 57, in __get__
    res = instance.__dict__[self.name] = self.func(instance)
                                         ^^^^^^^^^^^^^^^^^^^
  File "D:\Projects\hotel-app\virtual-env\Lib\site-packages\django\urls\resolvers.py", lin
e 715, in url_patterns
    patterns = getattr(self.urlconf_module, "urlpatterns", self.urlconf_module)
                       ^^^^^^^^^^^^^^^^^^^
  File "D:\Projects\hotel-app\virtual-env\Lib\site-packages\django\utils\functional.py", l
ine 57, in __get__
    res = instance.__dict__[self.name] = self.func(instance)
                                         ^^^^^^^^^^^^^^^^^^^
  File "D:\Projects\hotel-app\virtual-env\Lib\site-packages\django\urls\resolvers.py", lin
e 708, in urlconf_module
    return import_module(self.urlconf_name)
           ^^^^^^^^^^^^^^^^^^^^^^^^^^^^^^^^
  File "C:\Users\danko\AppData\Local\Programs\Python\Python311\Lib\importlib\__init__.py",
 line 126, in import_module
    return _bootstrap._gcd_import(name[level:], package, level)
           ^^^^^^^^^^^^^^^^^^^^^^^^^^^^^^^^^^^^^^^^^^^^^^^^^^^^
  File "<frozen importlib._bootstrap>", line 1204, in _gcd_import
  File "<frozen importlib._bootstrap>", line 1176, in _find_and_load
  File "<frozen importlib._bootstrap>", line 1147, in _find_and_load_unlocked
  File "<frozen importlib._bootstrap>", line 690, in _load_unlocked
  File "<frozen importlib._bootstrap_external>", line 940, in exec_module
  File "<frozen importlib._bootstrap>", line 241, in _call_with_frames_removed
  File "D:\Projects\hotel-app\hotelapp\urls.py", line 24, in <module>
    path('', include('bookings.urls')),
             ^^^^^^^^^^^^^^^^^^^^^^^^
  File "D:\Projects\hotel-app\virtual-env\Lib\site-packages\django\urls\conf.py", line 38,
 in include
    urlconf_module = import_module(urlconf_module)
                     ^^^^^^^^^^^^^^^^^^^^^^^^^^^^^
  File "C:\Users\danko\AppData\Local\Programs\Python\Python311\Lib\importlib\__init__.py",
 line 126, in import_module
    return _bootstrap._gcd_import(name[level:], package, level)
           ^^^^^^^^^^^^^^^^^^^^^^^^^^^^^^^^^^^^^^^^^^^^^^^^^^^^
  File "<frozen importlib._bootstrap>", line 1204, in _gcd_import
  File "<frozen importlib._bootstrap>", line 1176, in _find_and_load
  File "<frozen importlib._bootstrap>", line 1147, in _find_and_load_unlocked
  File "<frozen importlib._bootstrap>", line 690, in _load_unlocked
  File "<frozen importlib._bootstrap_external>", line 940, in exec_module
  File "<frozen importlib._bootstrap>", line 241, in _call_with_frames_removed
  File "D:\Projects\hotel-app\bookings\urls.py", line 2, in <module>
    from .views import auth_views, apartment_views
  File "D:\Projects\hotel-app\bookings\views\apartment_views.py", line 294
    return JsonResponse({'status':, 'error' 'invalid payload'}, status=400)
                                 ^
SyntaxError: expression expected after dictionary key and ':'
D:\Projects\hotel-app\bookings\views\apartment_views.py changed, reloading.
D:\Projects\hotel-app\bookings\views\apartment_views.py changed, reloading.
AXES: BEGIN version 6.1.1, blocking by ip_address
Watching for file changes with StatReloader
Watching for file changes with StatReloader
D:\Projects\hotel-app\bookings\views\apartment_views.py changed, reloading.
D:\Projects\hotel-app\bookings\views\apartment_views.py changed, reloading.
AXES: BEGIN version 6.1.1, blocking by ip_address
Watching for file changes with StatReloader
Watching for file changes with StatReloader
Exception in thread django-main-thread:
Traceback (most recent call last):
  File "C:\Users\danko\AppData\Local\Programs\Python\Python311\Lib\threading.py", line 103
8, in _bootstrap_inner
    self.run()
  File "C:\Users\danko\AppData\Local\Programs\Python\Python311\Lib\threading.py", line 975
, in run
    self._target(*self._args, **self._kwargs)
  File "D:\Projects\hotel-app\virtual-env\Lib\site-packages\django\utils\autoreload.py", l
ine 64, in wrapper
    fn(*args, **kwargs)
  File "D:\Projects\hotel-app\virtual-env\Lib\site-packages\django\core\management\command
s\runserver.py", line 133, in inner_run
    self.check(display_num_errors=True)
  File "D:\Projects\hotel-app\virtual-env\Lib\site-packages\django\core\management\base.py
", line 485, in check
    all_issues = checks.run_checks(
                 ^^^^^^^^^^^^^^^^^^
  File "D:\Projects\hotel-app\virtual-env\Lib\site-packages\django\core\checks\registry.py
", line 88, in run_checks
    new_errors = check(app_configs=app_configs, databases=databases)
                 ^^^^^^^^^^^^^^^^^^^^^^^^^^^^^^^^^^^^^^^^^^^^^^^^^^^
  File "D:\Projects\hotel-app\virtual-env\Lib\site-packages\django\core\checks\urls.py", l
ine 42, in check_url_namespaces_unique
    all_namespaces = _load_all_namespaces(resolver)
                     ^^^^^^^^^^^^^^^^^^^^^^^^^^^^^^
  File "D:\Projects\hotel-app\virtual-env\Lib\site-packages\django\core\checks\urls.py", l
ine 61, in _load_all_namespaces
    url_patterns = getattr(resolver, "url_patterns", [])
                   ^^^^^^^^^^^^^^^^^^^^^^^^^^^^^^^^^^^^^
  File "D:\Projects\hotel-app\virtual-env\Lib\site-packages\django\utils\functional.py", l
ine 57, in __get__
    res = instance.__dict__[self.name] = self.func(instance)
                                         ^^^^^^^^^^^^^^^^^^^
  File "D:\Projects\hotel-app\virtual-env\Lib\site-packages\django\urls\resolvers.py", lin
e 715, in url_patterns
    patterns = getattr(self.urlconf_module, "urlpatterns", self.urlconf_module)
                       ^^^^^^^^^^^^^^^^^^^
  File "D:\Projects\hotel-app\virtual-env\Lib\site-packages\django\utils\functional.py", l
ine 57, in __get__
    res = instance.__dict__[self.name] = self.func(instance)
                                         ^^^^^^^^^^^^^^^^^^^
  File "D:\Projects\hotel-app\virtual-env\Lib\site-packages\django\urls\resolvers.py", lin
e 708, in urlconf_module
    return import_module(self.urlconf_name)
           ^^^^^^^^^^^^^^^^^^^^^^^^^^^^^^^^
  File "C:\Users\danko\AppData\Local\Programs\Python\Python311\Lib\importlib\__init__.py",
 line 126, in import_module
    return _bootstrap._gcd_import(name[level:], package, level)
           ^^^^^^^^^^^^^^^^^^^^^^^^^^^^^^^^^^^^^^^^^^^^^^^^^^^^
  File "<frozen importlib._bootstrap>", line 1204, in _gcd_import
  File "<frozen importlib._bootstrap>", line 1176, in _find_and_load
  File "<frozen importlib._bootstrap>", line 1147, in _find_and_load_unlocked
  File "<frozen importlib._bootstrap>", line 690, in _load_unlocked
  File "<frozen importlib._bootstrap_external>", line 940, in exec_module
  File "<frozen importlib._bootstrap>", line 241, in _call_with_frames_removed
  File "D:\Projects\hotel-app\hotelapp\urls.py", line 24, in <module>
    path('', include('bookings.urls')),
             ^^^^^^^^^^^^^^^^^^^^^^^^
  File "D:\Projects\hotel-app\virtual-env\Lib\site-packages\django\urls\conf.py", line 38,
 in include
    urlconf_module = import_module(urlconf_module)
                     ^^^^^^^^^^^^^^^^^^^^^^^^^^^^^
  File "C:\Users\danko\AppData\Local\Programs\Python\Python311\Lib\importlib\__init__.py",
 line 126, in import_module
    return _bootstrap._gcd_import(name[level:], package, level)
           ^^^^^^^^^^^^^^^^^^^^^^^^^^^^^^^^^^^^^^^^^^^^^^^^^^^^
  File "<frozen importlib._bootstrap>", line 1204, in _gcd_import
  File "<frozen importlib._bootstrap>", line 1176, in _find_and_load
  File "<frozen importlib._bootstrap>", line 1147, in _find_and_load_unlocked
  File "<frozen importlib._bootstrap>", line 690, in _load_unlocked
  File "<frozen importlib._bootstrap_external>", line 940, in exec_module
  File "<frozen importlib._bootstrap>", line 241, in _call_with_frames_removed
  File "D:\Projects\hotel-app\bookings\urls.py", line 2, in <module>
    from .views import auth_views, apartment_views
  File "D:\Projects\hotel-app\bookings\views\apartment_views.py", line 294
    return JsonResponse({'status': 'error',  'invalid payload'}, status=400)
                                                             ^
SyntaxError: ':' expected after dictionary key
D:\Projects\hotel-app\bookings\views\apartment_views.py changed, reloading.
D:\Projects\hotel-app\bookings\views\apartment_views.py changed, reloading.
AXES: BEGIN version 6.1.1, blocking by ip_address
Watching for file changes with StatReloader
Watching for file changes with StatReloader
D:\Projects\hotel-app\bookings\views\apartment_views.py changed, reloading.
D:\Projects\hotel-app\bookings\views\apartment_views.py changed, reloading.
AXES: BEGIN version 6.1.1, blocking by ip_address
Watching for file changes with StatReloader
Watching for file changes with StatReloader
D:\Projects\hotel-app\bookings\views\apartment_views.py changed, reloading.
D:\Projects\hotel-app\bookings\views\apartment_views.py changed, reloading.
AXES: BEGIN version 6.1.1, blocking by ip_address
Watching for file changes with StatReloader
Watching for file changes with StatReloader
D:\Projects\hotel-app\bookings\views\apartment_views.py changed, reloading.
D:\Projects\hotel-app\bookings\views\apartment_views.py changed, reloading.
AXES: BEGIN version 6.1.1, blocking by ip_address
Watching for file changes with StatReloader
Watching for file changes with StatReloader
D:\Projects\hotel-app\bookings\views\apartment_views.py changed, reloading.
D:\Projects\hotel-app\bookings\views\apartment_views.py changed, reloading.
AXES: BEGIN version 6.1.1, blocking by ip_address
Watching for file changes with StatReloader
Watching for file changes with StatReloader
D:\Projects\hotel-app\bookings\views\apartment_views.py changed, reloading.
D:\Projects\hotel-app\bookings\views\apartment_views.py changed, reloading.
AXES: BEGIN version 6.1.1, blocking by ip_address
Watching for file changes with StatReloader
Watching for file changes with StatReloader
D:\Projects\hotel-app\bookings\views\apartment_views.py changed, reloading.
D:\Projects\hotel-app\bookings\views\apartment_views.py changed, reloading.
AXES: BEGIN version 6.1.1, blocking by ip_address
Watching for file changes with StatReloader
Watching for file changes with StatReloader
D:\Projects\hotel-app\bookings\views\apartment_views.py changed, reloading.
D:\Projects\hotel-app\bookings\views\apartment_views.py changed, reloading.
AXES: BEGIN version 6.1.1, blocking by ip_address
Watching for file changes with StatReloader
Watching for file changes with StatReloader
D:\Projects\hotel-app\bookings\views\apartment_views.py changed, reloading.
D:\Projects\hotel-app\bookings\views\apartment_views.py changed, reloading.
AXES: BEGIN version 6.1.1, blocking by ip_address
Watching for file changes with StatReloader
Watching for file changes with StatReloader
[07/Oct/2023 01:03:10] [m"GET /apartment/ HTTP/1.1" 200 18680[0m
Not Found: /reset-password
Not Found: /reset-password
[07/Oct/2023 01:22:08] [33m"GET /reset-password HTTP/1.1" 404 6735[0m
[07/Oct/2023 01:22:21] [m"GET /password-reset/ HTTP/1.1" 200 413[0m
D:\Projects\hotel-app\bookings\models.py changed, reloading.
D:\Projects\hotel-app\bookings\models.py changed, reloading.
AXES: BEGIN version 6.1.1, blocking by ip_address
Watching for file changes with StatReloader
Watching for file changes with StatReloader
D:\Projects\hotel-app\bookings\models.py changed, reloading.
D:\Projects\hotel-app\bookings\models.py changed, reloading.
AXES: BEGIN version 6.1.1, blocking by ip_address
Watching for file changes with StatReloader
Watching for file changes with StatReloader
D:\Projects\hotel-app\bookings\models.py changed, reloading.
D:\Projects\hotel-app\bookings\models.py changed, reloading.
Watching for file changes with StatReloader
Watching for file changes with StatReloader
Exception in thread django-main-thread:
Traceback (most recent call last):
  File "C:\Users\danko\AppData\Local\Programs\Python\Python311\Lib\threading.py", line 103
8, in _bootstrap_inner
    self.run()
  File "C:\Users\danko\AppData\Local\Programs\Python\Python311\Lib\threading.py", line 975
, in run
    self._target(*self._args, **self._kwargs)
  File "D:\Projects\hotel-app\virtual-env\Lib\site-packages\django\utils\autoreload.py", l
ine 64, in wrapper
    fn(*args, **kwargs)
  File "D:\Projects\hotel-app\virtual-env\Lib\site-packages\django\core\management\command
s\runserver.py", line 125, in inner_run
    autoreload.raise_last_exception()
  File "D:\Projects\hotel-app\virtual-env\Lib\site-packages\django\utils\autoreload.py", l
ine 87, in raise_last_exception
    raise _exception[1]
  File "D:\Projects\hotel-app\virtual-env\Lib\site-packages\django\core\management\__init_
_.py", line 394, in execute
    autoreload.check_errors(django.setup)()
  File "D:\Projects\hotel-app\virtual-env\Lib\site-packages\django\utils\autoreload.py", l
ine 64, in wrapper
    fn(*args, **kwargs)
  File "D:\Projects\hotel-app\virtual-env\Lib\site-packages\django\__init__.py", line 24, 
in setup
    apps.populate(settings.INSTALLED_APPS)
  File "D:\Projects\hotel-app\virtual-env\Lib\site-packages\django\apps\registry.py", line
 116, in populate
    app_config.import_models()
  File "D:\Projects\hotel-app\virtual-env\Lib\site-packages\django\apps\config.py", line 2
69, in import_models
    self.models_module = import_module(models_module_name)
                         ^^^^^^^^^^^^^^^^^^^^^^^^^^^^^^^^^
  File "C:\Users\danko\AppData\Local\Programs\Python\Python311\Lib\importlib\__init__.py",
 line 126, in import_module
    return _bootstrap._gcd_import(name[level:], package, level)
           ^^^^^^^^^^^^^^^^^^^^^^^^^^^^^^^^^^^^^^^^^^^^^^^^^^^^
  File "<frozen importlib._bootstrap>", line 1204, in _gcd_import
  File "<frozen importlib._bootstrap>", line 1176, in _find_and_load
  File "<frozen importlib._bootstrap>", line 1147, in _find_and_load_unlocked
  File "<frozen importlib._bootstrap>", line 690, in _load_unlocked
  File "<frozen importlib._bootstrap_external>", line 936, in exec_module
  File "<frozen importlib._bootstrap_external>", line 1074, in get_code
  File "<frozen importlib._bootstrap_external>", line 1004, in source_to_code
  File "<frozen importlib._bootstrap>", line 241, in _call_with_frames_removed
  File "D:\Projects\hotel-app\bookings\models.py", line 68
    
    ^
IndentationError: expected an indented block after class definition on line 67
D:\Projects\hotel-app\bookings\models.py changed, reloading.
D:\Projects\hotel-app\bookings\models.py changed, reloading.
Watching for file changes with StatReloader
Watching for file changes with StatReloader
Exception in thread django-main-thread:
Traceback (most recent call last):
  File "C:\Users\danko\AppData\Local\Programs\Python\Python311\Lib\threading.py", line 103
8, in _bootstrap_inner
    self.run()
  File "C:\Users\danko\AppData\Local\Programs\Python\Python311\Lib\threading.py", line 975
, in run
    self._target(*self._args, **self._kwargs)
  File "D:\Projects\hotel-app\virtual-env\Lib\site-packages\django\utils\autoreload.py", l
ine 64, in wrapper
    fn(*args, **kwargs)
  File "D:\Projects\hotel-app\virtual-env\Lib\site-packages\django\core\management\command
s\runserver.py", line 125, in inner_run
    autoreload.raise_last_exception()
  File "D:\Projects\hotel-app\virtual-env\Lib\site-packages\django\utils\autoreload.py", l
ine 87, in raise_last_exception
    raise _exception[1]
  File "D:\Projects\hotel-app\virtual-env\Lib\site-packages\django\core\management\__init_
_.py", line 394, in execute
    autoreload.check_errors(django.setup)()
  File "D:\Projects\hotel-app\virtual-env\Lib\site-packages\django\utils\autoreload.py", l
ine 64, in wrapper
    fn(*args, **kwargs)
  File "D:\Projects\hotel-app\virtual-env\Lib\site-packages\django\__init__.py", line 24, 
in setup
    apps.populate(settings.INSTALLED_APPS)
  File "D:\Projects\hotel-app\virtual-env\Lib\site-packages\django\apps\registry.py", line
 116, in populate
    app_config.import_models()
  File "D:\Projects\hotel-app\virtual-env\Lib\site-packages\django\apps\config.py", line 2
69, in import_models
    self.models_module = import_module(models_module_name)
                         ^^^^^^^^^^^^^^^^^^^^^^^^^^^^^^^^^
  File "C:\Users\danko\AppData\Local\Programs\Python\Python311\Lib\importlib\__init__.py",
 line 126, in import_module
    return _bootstrap._gcd_import(name[level:], package, level)
           ^^^^^^^^^^^^^^^^^^^^^^^^^^^^^^^^^^^^^^^^^^^^^^^^^^^^
  File "<frozen importlib._bootstrap>", line 1204, in _gcd_import
  File "<frozen importlib._bootstrap>", line 1176, in _find_and_load
  File "<frozen importlib._bootstrap>", line 1147, in _find_and_load_unlocked
  File "<frozen importlib._bootstrap>", line 690, in _load_unlocked
  File "<frozen importlib._bootstrap_external>", line 940, in exec_module
  File "<frozen importlib._bootstrap>", line 241, in _call_with_frames_removed
  File "D:\Projects\hotel-app\bookings\models.py", line 67, in <module>
    class Refund(models.Mode):
                 ^^^^^^^^^^^
AttributeError: module 'django.db.models' has no attribute 'Mode'. Did you mean: 'Model'?
D:\Projects\hotel-app\bookings\models.py changed, reloading.
D:\Projects\hotel-app\bookings\models.py changed, reloading.
Watching for file changes with StatReloader
Watching for file changes with StatReloader
Exception in thread django-main-thread:
Traceback (most recent call last):
  File "C:\Users\danko\AppData\Local\Programs\Python\Python311\Lib\threading.py", line 103
8, in _bootstrap_inner
    self.run()
  File "C:\Users\danko\AppData\Local\Programs\Python\Python311\Lib\threading.py", line 975
, in run
    self._target(*self._args, **self._kwargs)
  File "D:\Projects\hotel-app\virtual-env\Lib\site-packages\django\utils\autoreload.py", l
ine 64, in wrapper
    fn(*args, **kwargs)
  File "D:\Projects\hotel-app\virtual-env\Lib\site-packages\django\core\management\command
s\runserver.py", line 125, in inner_run
    autoreload.raise_last_exception()
  File "D:\Projects\hotel-app\virtual-env\Lib\site-packages\django\utils\autoreload.py", l
ine 87, in raise_last_exception
    raise _exception[1]
  File "D:\Projects\hotel-app\virtual-env\Lib\site-packages\django\core\management\__init_
_.py", line 394, in execute
    autoreload.check_errors(django.setup)()
  File "D:\Projects\hotel-app\virtual-env\Lib\site-packages\django\utils\autoreload.py", l
ine 64, in wrapper
    fn(*args, **kwargs)
  File "D:\Projects\hotel-app\virtual-env\Lib\site-packages\django\__init__.py", line 24, 
in setup
    apps.populate(settings.INSTALLED_APPS)
  File "D:\Projects\hotel-app\virtual-env\Lib\site-packages\django\apps\registry.py", line
 116, in populate
    app_config.import_models()
  File "D:\Projects\hotel-app\virtual-env\Lib\site-packages\django\apps\config.py", line 2
69, in import_models
    self.models_module = import_module(models_module_name)
                         ^^^^^^^^^^^^^^^^^^^^^^^^^^^^^^^^^
  File "C:\Users\danko\AppData\Local\Programs\Python\Python311\Lib\importlib\__init__.py",
 line 126, in import_module
    return _bootstrap._gcd_import(name[level:], package, level)
           ^^^^^^^^^^^^^^^^^^^^^^^^^^^^^^^^^^^^^^^^^^^^^^^^^^^^
  File "<frozen importlib._bootstrap>", line 1204, in _gcd_import
  File "<frozen importlib._bootstrap>", line 1176, in _find_and_load
  File "<frozen importlib._bootstrap>", line 1147, in _find_and_load_unlocked
  File "<frozen importlib._bootstrap>", line 690, in _load_unlocked
  File "<frozen importlib._bootstrap_external>", line 936, in exec_module
  File "<frozen importlib._bootstrap_external>", line 1074, in get_code
  File "<frozen importlib._bootstrap_external>", line 1004, in source_to_code
  File "<frozen importlib._bootstrap>", line 241, in _call_with_frames_removed
  File "D:\Projects\hotel-app\bookings\models.py", line 69
    amount = 
             ^
SyntaxError: invalid syntax
D:\Projects\hotel-app\bookings\models.py changed, reloading.
D:\Projects\hotel-app\bookings\models.py changed, reloading.
AXES: BEGIN version 6.1.1, blocking by ip_address
Watching for file changes with StatReloader
Watching for file changes with StatReloader
D:\Projects\hotel-app\bookings\models.py changed, reloading.
D:\Projects\hotel-app\bookings\models.py changed, reloading.
AXES: BEGIN version 6.1.1, blocking by ip_address
Watching for file changes with StatReloader
Watching for file changes with StatReloader
D:\Projects\hotel-app\bookings\models.py changed, reloading.
D:\Projects\hotel-app\bookings\models.py changed, reloading.
Watching for file changes with StatReloader
Watching for file changes with StatReloader
Exception in thread django-main-thread:
Traceback (most recent call last):
  File "C:\Users\danko\AppData\Local\Programs\Python\Python311\Lib\threading.py", line 103
8, in _bootstrap_inner
    self.run()
  File "C:\Users\danko\AppData\Local\Programs\Python\Python311\Lib\threading.py", line 975
, in run
    self._target(*self._args, **self._kwargs)
  File "D:\Projects\hotel-app\virtual-env\Lib\site-packages\django\utils\autoreload.py", l
ine 64, in wrapper
    fn(*args, **kwargs)
  File "D:\Projects\hotel-app\virtual-env\Lib\site-packages\django\core\management\command
s\runserver.py", line 125, in inner_run
    autoreload.raise_last_exception()
  File "D:\Projects\hotel-app\virtual-env\Lib\site-packages\django\utils\autoreload.py", l
ine 87, in raise_last_exception
    raise _exception[1]
  File "D:\Projects\hotel-app\virtual-env\Lib\site-packages\django\core\management\__init_
_.py", line 394, in execute
    autoreload.check_errors(django.setup)()
  File "D:\Projects\hotel-app\virtual-env\Lib\site-packages\django\utils\autoreload.py", l
ine 64, in wrapper
    fn(*args, **kwargs)
  File "D:\Projects\hotel-app\virtual-env\Lib\site-packages\django\__init__.py", line 24, 
in setup
    apps.populate(settings.INSTALLED_APPS)
  File "D:\Projects\hotel-app\virtual-env\Lib\site-packages\django\apps\registry.py", line
 116, in populate
    app_config.import_models()
  File "D:\Projects\hotel-app\virtual-env\Lib\site-packages\django\apps\config.py", line 2
69, in import_models
    self.models_module = import_module(models_module_name)
                         ^^^^^^^^^^^^^^^^^^^^^^^^^^^^^^^^^
  File "C:\Users\danko\AppData\Local\Programs\Python\Python311\Lib\importlib\__init__.py",
 line 126, in import_module
    return _bootstrap._gcd_import(name[level:], package, level)
           ^^^^^^^^^^^^^^^^^^^^^^^^^^^^^^^^^^^^^^^^^^^^^^^^^^^^
  File "<frozen importlib._bootstrap>", line 1204, in _gcd_import
  File "<frozen importlib._bootstrap>", line 1176, in _find_and_load
  File "<frozen importlib._bootstrap>", line 1147, in _find_and_load_unlocked
  File "<frozen importlib._bootstrap>", line 690, in _load_unlocked
  File "<frozen importlib._bootstrap_external>", line 940, in exec_module
  File "<frozen importlib._bootstrap>", line 241, in _call_with_frames_removed
  File "D:\Projects\hotel-app\bookings\models.py", line 28, in <module>
    class Booking(models.Model):
  File "D:\Projects\hotel-app\bookings\models.py", line 36, in Booking
    STATUS
NameError: name 'STATUS' is not defined
D:\Projects\hotel-app\bookings\models.py changed, reloading.
D:\Projects\hotel-app\bookings\models.py changed, reloading.
AXES: BEGIN version 6.1.1, blocking by ip_address
Watching for file changes with StatReloader
Watching for file changes with StatReloader
D:\Projects\hotel-app\bookings\models.py changed, reloading.
D:\Projects\hotel-app\bookings\models.py changed, reloading.
AXES: BEGIN version 6.1.1, blocking by ip_address
Watching for file changes with StatReloader
Watching for file changes with StatReloader
D:\Projects\hotel-app\bookings\models.py changed, reloading.
D:\Projects\hotel-app\bookings\models.py changed, reloading.
AXES: BEGIN version 6.1.1, blocking by ip_address
Watching for file changes with StatReloader
Watching for file changes with StatReloader
D:\Projects\hotel-app\bookings\models.py changed, reloading.
D:\Projects\hotel-app\bookings\models.py changed, reloading.
AXES: BEGIN version 6.1.1, blocking by ip_address
Watching for file changes with StatReloader
Watching for file changes with StatReloader
D:\Projects\hotel-app\bookings\models.py changed, reloading.
D:\Projects\hotel-app\bookings\models.py changed, reloading.
AXES: BEGIN version 6.1.1, blocking by ip_address
Watching for file changes with StatReloader
Watching for file changes with StatReloader
D:\Projects\hotel-app\bookings\models.py changed, reloading.
D:\Projects\hotel-app\bookings\models.py changed, reloading.
AXES: BEGIN version 6.1.1, blocking by ip_address
Watching for file changes with StatReloader
Watching for file changes with StatReloader
Exception in thread django-main-thread:
Traceback (most recent call last):
  File "C:\Users\danko\AppData\Local\Programs\Python\Python311\Lib\threading.py", line 103
8, in _bootstrap_inner
    self.run()
  File "C:\Users\danko\AppData\Local\Programs\Python\Python311\Lib\threading.py", line 975
, in run
    self._target(*self._args, **self._kwargs)
  File "D:\Projects\hotel-app\virtual-env\Lib\site-packages\django\utils\autoreload.py", l
ine 64, in wrapper
    fn(*args, **kwargs)
  File "D:\Projects\hotel-app\virtual-env\Lib\site-packages\django\core\management\command
s\runserver.py", line 133, in inner_run
    self.check(display_num_errors=True)
  File "D:\Projects\hotel-app\virtual-env\Lib\site-packages\django\core\management\base.py
", line 556, in check
    raise SystemCheckError(msg)
django.core.management.base.SystemCheckError: [31;1mSystemCheckError: System check identi
fied some issues:
[0m
ERRORS:
[31;1mbookings.Booking.status: (fields.E120) CharFields must define a 'max_length' attrib
ute.[0m

System check identified 1 issue (0 silenced).
D:\Projects\hotel-app\bookings\models.py changed, reloading.
D:\Projects\hotel-app\bookings\models.py changed, reloading.
Watching for file changes with StatReloader
Watching for file changes with StatReloader
Exception in thread django-main-thread:
Traceback (most recent call last):
  File "C:\Users\danko\AppData\Local\Programs\Python\Python311\Lib\threading.py", line 103
8, in _bootstrap_inner
    self.run()
  File "C:\Users\danko\AppData\Local\Programs\Python\Python311\Lib\threading.py", line 975
, in run
    self._target(*self._args, **self._kwargs)
  File "D:\Projects\hotel-app\virtual-env\Lib\site-packages\django\utils\autoreload.py", l
ine 64, in wrapper
    fn(*args, **kwargs)
  File "D:\Projects\hotel-app\virtual-env\Lib\site-packages\django\core\management\command
s\runserver.py", line 125, in inner_run
    autoreload.raise_last_exception()
  File "D:\Projects\hotel-app\virtual-env\Lib\site-packages\django\utils\autoreload.py", l
ine 87, in raise_last_exception
    raise _exception[1]
  File "D:\Projects\hotel-app\virtual-env\Lib\site-packages\django\core\management\__init_
_.py", line 394, in execute
    autoreload.check_errors(django.setup)()
  File "D:\Projects\hotel-app\virtual-env\Lib\site-packages\django\utils\autoreload.py", l
ine 64, in wrapper
    fn(*args, **kwargs)
  File "D:\Projects\hotel-app\virtual-env\Lib\site-packages\django\__init__.py", line 24, 
in setup
    apps.populate(settings.INSTALLED_APPS)
  File "D:\Projects\hotel-app\virtual-env\Lib\site-packages\django\apps\registry.py", line
 116, in populate
    app_config.import_models()
  File "D:\Projects\hotel-app\virtual-env\Lib\site-packages\django\apps\config.py", line 2
69, in import_models
    self.models_module = import_module(models_module_name)
                         ^^^^^^^^^^^^^^^^^^^^^^^^^^^^^^^^^
  File "C:\Users\danko\AppData\Local\Programs\Python\Python311\Lib\importlib\__init__.py",
 line 126, in import_module
    return _bootstrap._gcd_import(name[level:], package, level)
           ^^^^^^^^^^^^^^^^^^^^^^^^^^^^^^^^^^^^^^^^^^^^^^^^^^^^
  File "<frozen importlib._bootstrap>", line 1204, in _gcd_import
  File "<frozen importlib._bootstrap>", line 1176, in _find_and_load
  File "<frozen importlib._bootstrap>", line 1147, in _find_and_load_unlocked
  File "<frozen importlib._bootstrap>", line 690, in _load_unlocked
  File "<frozen importlib._bootstrap_external>", line 936, in exec_module
  File "<frozen importlib._bootstrap_external>", line 1074, in get_code
  File "<frozen importlib._bootstrap_external>", line 1004, in source_to_code
  File "<frozen importlib._bootstrap>", line 241, in _call_with_frames_removed
  File "D:\Projects\hotel-app\bookings\models.py", line 40
    status = models.CharField(max_length=10, choices=STATUS_CHOISES, default=)
                                                                             ^
SyntaxError: invalid syntax
D:\Projects\hotel-app\bookings\models.py changed, reloading.
D:\Projects\hotel-app\bookings\models.py changed, reloading.
AXES: BEGIN version 6.1.1, blocking by ip_address
Watching for file changes with StatReloader
Watching for file changes with StatReloader
D:\Projects\hotel-app\bookings\views\apartment_views.py changed, reloading.
D:\Projects\hotel-app\bookings\views\apartment_views.py changed, reloading.
AXES: BEGIN version 6.1.1, blocking by ip_address
Watching for file changes with StatReloader
Watching for file changes with StatReloader
Exception in thread django-main-thread:
Traceback (most recent call last):
  File "C:\Users\danko\AppData\Local\Programs\Python\Python311\Lib\threading.py", line 103
8, in _bootstrap_inner
    self.run()
  File "C:\Users\danko\AppData\Local\Programs\Python\Python311\Lib\threading.py", line 975
, in run
    self._target(*self._args, **self._kwargs)
  File "D:\Projects\hotel-app\virtual-env\Lib\site-packages\django\utils\autoreload.py", l
ine 64, in wrapper
    fn(*args, **kwargs)
  File "D:\Projects\hotel-app\virtual-env\Lib\site-packages\django\core\management\command
s\runserver.py", line 133, in inner_run
    self.check(display_num_errors=True)
  File "D:\Projects\hotel-app\virtual-env\Lib\site-packages\django\core\management\base.py
", line 485, in check
    all_issues = checks.run_checks(
                 ^^^^^^^^^^^^^^^^^^
  File "D:\Projects\hotel-app\virtual-env\Lib\site-packages\django\core\checks\registry.py
", line 88, in run_checks
    new_errors = check(app_configs=app_configs, databases=databases)
                 ^^^^^^^^^^^^^^^^^^^^^^^^^^^^^^^^^^^^^^^^^^^^^^^^^^^
  File "D:\Projects\hotel-app\virtual-env\Lib\site-packages\django\core\checks\urls.py", l
ine 42, in check_url_namespaces_unique
    all_namespaces = _load_all_namespaces(resolver)
                     ^^^^^^^^^^^^^^^^^^^^^^^^^^^^^^
  File "D:\Projects\hotel-app\virtual-env\Lib\site-packages\django\core\checks\urls.py", l
ine 61, in _load_all_namespaces
    url_patterns = getattr(resolver, "url_patterns", [])
                   ^^^^^^^^^^^^^^^^^^^^^^^^^^^^^^^^^^^^^
  File "D:\Projects\hotel-app\virtual-env\Lib\site-packages\django\utils\functional.py", l
ine 57, in __get__
    res = instance.__dict__[self.name] = self.func(instance)
                                         ^^^^^^^^^^^^^^^^^^^
  File "D:\Projects\hotel-app\virtual-env\Lib\site-packages\django\urls\resolvers.py", lin
e 715, in url_patterns
    patterns = getattr(self.urlconf_module, "urlpatterns", self.urlconf_module)
                       ^^^^^^^^^^^^^^^^^^^
  File "D:\Projects\hotel-app\virtual-env\Lib\site-packages\django\utils\functional.py", l
ine 57, in __get__
    res = instance.__dict__[self.name] = self.func(instance)
                                         ^^^^^^^^^^^^^^^^^^^
  File "D:\Projects\hotel-app\virtual-env\Lib\site-packages\django\urls\resolvers.py", lin
e 708, in urlconf_module
    return import_module(self.urlconf_name)
           ^^^^^^^^^^^^^^^^^^^^^^^^^^^^^^^^
  File "C:\Users\danko\AppData\Local\Programs\Python\Python311\Lib\importlib\__init__.py",
 line 126, in import_module
    return _bootstrap._gcd_import(name[level:], package, level)
           ^^^^^^^^^^^^^^^^^^^^^^^^^^^^^^^^^^^^^^^^^^^^^^^^^^^^
  File "<frozen importlib._bootstrap>", line 1204, in _gcd_import
  File "<frozen importlib._bootstrap>", line 1176, in _find_and_load
  File "<frozen importlib._bootstrap>", line 1147, in _find_and_load_unlocked
  File "<frozen importlib._bootstrap>", line 690, in _load_unlocked
  File "<frozen importlib._bootstrap_external>", line 940, in exec_module
  File "<frozen importlib._bootstrap>", line 241, in _call_with_frames_removed
  File "D:\Projects\hotel-app\hotelapp\urls.py", line 24, in <module>
    path('', include('bookings.urls')),
             ^^^^^^^^^^^^^^^^^^^^^^^^
  File "D:\Projects\hotel-app\virtual-env\Lib\site-packages\django\urls\conf.py", line 38,
 in include
    urlconf_module = import_module(urlconf_module)
                     ^^^^^^^^^^^^^^^^^^^^^^^^^^^^^
  File "C:\Users\danko\AppData\Local\Programs\Python\Python311\Lib\importlib\__init__.py",
 line 126, in import_module
    return _bootstrap._gcd_import(name[level:], package, level)
           ^^^^^^^^^^^^^^^^^^^^^^^^^^^^^^^^^^^^^^^^^^^^^^^^^^^^
  File "<frozen importlib._bootstrap>", line 1204, in _gcd_import
  File "<frozen importlib._bootstrap>", line 1176, in _find_and_load
  File "<frozen importlib._bootstrap>", line 1147, in _find_and_load_unlocked
  File "<frozen importlib._bootstrap>", line 690, in _load_unlocked
  File "<frozen importlib._bootstrap_external>", line 940, in exec_module
  File "<frozen importlib._bootstrap>", line 241, in _call_with_frames_removed
  File "D:\Projects\hotel-app\bookings\urls.py", line 2, in <module>
    from .views import auth_views, apartment_views
  File "D:\Projects\hotel-app\bookings\views\apartment_views.py", line 328
    def cancel_booking
                      ^
SyntaxError: expected '('
D:\Projects\hotel-app\bookings\views\apartment_views.py changed, reloading.
D:\Projects\hotel-app\bookings\views\apartment_views.py changed, reloading.
AXES: BEGIN version 6.1.1, blocking by ip_address
Watching for file changes with StatReloader
Watching for file changes with StatReloader
Exception in thread django-main-thread:
Traceback (most recent call last):
  File "C:\Users\danko\AppData\Local\Programs\Python\Python311\Lib\threading.py", line 103
8, in _bootstrap_inner
    self.run()
  File "C:\Users\danko\AppData\Local\Programs\Python\Python311\Lib\threading.py", line 975
, in run
    self._target(*self._args, **self._kwargs)
  File "D:\Projects\hotel-app\virtual-env\Lib\site-packages\django\utils\autoreload.py", l
ine 64, in wrapper
    fn(*args, **kwargs)
  File "D:\Projects\hotel-app\virtual-env\Lib\site-packages\django\core\management\command
s\runserver.py", line 133, in inner_run
    self.check(display_num_errors=True)
  File "D:\Projects\hotel-app\virtual-env\Lib\site-packages\django\core\management\base.py
", line 485, in check
    all_issues = checks.run_checks(
                 ^^^^^^^^^^^^^^^^^^
  File "D:\Projects\hotel-app\virtual-env\Lib\site-packages\django\core\checks\registry.py
", line 88, in run_checks
    new_errors = check(app_configs=app_configs, databases=databases)
                 ^^^^^^^^^^^^^^^^^^^^^^^^^^^^^^^^^^^^^^^^^^^^^^^^^^^
  File "D:\Projects\hotel-app\virtual-env\Lib\site-packages\django\core\checks\urls.py", l
ine 42, in check_url_namespaces_unique
    all_namespaces = _load_all_namespaces(resolver)
                     ^^^^^^^^^^^^^^^^^^^^^^^^^^^^^^
  File "D:\Projects\hotel-app\virtual-env\Lib\site-packages\django\core\checks\urls.py", l
ine 61, in _load_all_namespaces
    url_patterns = getattr(resolver, "url_patterns", [])
                   ^^^^^^^^^^^^^^^^^^^^^^^^^^^^^^^^^^^^^
  File "D:\Projects\hotel-app\virtual-env\Lib\site-packages\django\utils\functional.py", l
ine 57, in __get__
    res = instance.__dict__[self.name] = self.func(instance)
                                         ^^^^^^^^^^^^^^^^^^^
  File "D:\Projects\hotel-app\virtual-env\Lib\site-packages\django\urls\resolvers.py", lin
e 715, in url_patterns
    patterns = getattr(self.urlconf_module, "urlpatterns", self.urlconf_module)
                       ^^^^^^^^^^^^^^^^^^^
  File "D:\Projects\hotel-app\virtual-env\Lib\site-packages\django\utils\functional.py", l
ine 57, in __get__
    res = instance.__dict__[self.name] = self.func(instance)
                                         ^^^^^^^^^^^^^^^^^^^
  File "D:\Projects\hotel-app\virtual-env\Lib\site-packages\django\urls\resolvers.py", lin
e 708, in urlconf_module
    return import_module(self.urlconf_name)
           ^^^^^^^^^^^^^^^^^^^^^^^^^^^^^^^^
  File "C:\Users\danko\AppData\Local\Programs\Python\Python311\Lib\importlib\__init__.py",
 line 126, in import_module
    return _bootstrap._gcd_import(name[level:], package, level)
           ^^^^^^^^^^^^^^^^^^^^^^^^^^^^^^^^^^^^^^^^^^^^^^^^^^^^
  File "<frozen importlib._bootstrap>", line 1204, in _gcd_import
  File "<frozen importlib._bootstrap>", line 1176, in _find_and_load
  File "<frozen importlib._bootstrap>", line 1147, in _find_and_load_unlocked
  File "<frozen importlib._bootstrap>", line 690, in _load_unlocked
  File "<frozen importlib._bootstrap_external>", line 940, in exec_module
  File "<frozen importlib._bootstrap>", line 241, in _call_with_frames_removed
  File "D:\Projects\hotel-app\hotelapp\urls.py", line 24, in <module>
    path('', include('bookings.urls')),
             ^^^^^^^^^^^^^^^^^^^^^^^^
  File "D:\Projects\hotel-app\virtual-env\Lib\site-packages\django\urls\conf.py", line 38,
 in include
    urlconf_module = import_module(urlconf_module)
                     ^^^^^^^^^^^^^^^^^^^^^^^^^^^^^
  File "C:\Users\danko\AppData\Local\Programs\Python\Python311\Lib\importlib\__init__.py",
 line 126, in import_module
    return _bootstrap._gcd_import(name[level:], package, level)
           ^^^^^^^^^^^^^^^^^^^^^^^^^^^^^^^^^^^^^^^^^^^^^^^^^^^^
  File "<frozen importlib._bootstrap>", line 1204, in _gcd_import
  File "<frozen importlib._bootstrap>", line 1176, in _find_and_load
  File "<frozen importlib._bootstrap>", line 1147, in _find_and_load_unlocked
  File "<frozen importlib._bootstrap>", line 690, in _load_unlocked
  File "<frozen importlib._bootstrap_external>", line 940, in exec_module
  File "<frozen importlib._bootstrap>", line 241, in _call_with_frames_removed
  File "D:\Projects\hotel-app\bookings\urls.py", line 2, in <module>
    from .views import auth_views, apartment_views
  File "D:\Projects\hotel-app\bookings\views\apartment_views.py", line 329
    
    ^
IndentationError: expected an indented block after function definition on line 328
D:\Projects\hotel-app\bookings\views\apartment_views.py changed, reloading.
D:\Projects\hotel-app\bookings\views\apartment_views.py changed, reloading.
AXES: BEGIN version 6.1.1, blocking by ip_address
Watching for file changes with StatReloader
Watching for file changes with StatReloader
D:\Projects\hotel-app\bookings\views\apartment_views.py changed, reloading.
D:\Projects\hotel-app\bookings\views\apartment_views.py changed, reloading.
AXES: BEGIN version 6.1.1, blocking by ip_address
Watching for file changes with StatReloader
Watching for file changes with StatReloader
D:\Projects\hotel-app\bookings\views\apartment_views.py changed, reloading.
D:\Projects\hotel-app\bookings\views\apartment_views.py changed, reloading.
AXES: BEGIN version 6.1.1, blocking by ip_address
Watching for file changes with StatReloader
Watching for file changes with StatReloader
D:\Projects\hotel-app\bookings\views\apartment_views.py changed, reloading.
D:\Projects\hotel-app\bookings\views\apartment_views.py changed, reloading.
AXES: BEGIN version 6.1.1, blocking by ip_address
Watching for file changes with StatReloader
Watching for file changes with StatReloader
Exception in thread django-main-thread:
Traceback (most recent call last):
  File "C:\Users\danko\AppData\Local\Programs\Python\Python311\Lib\threading.py", line 103
8, in _bootstrap_inner
    self.run()
  File "C:\Users\danko\AppData\Local\Programs\Python\Python311\Lib\threading.py", line 975
, in run
    self._target(*self._args, **self._kwargs)
  File "D:\Projects\hotel-app\virtual-env\Lib\site-packages\django\utils\autoreload.py", l
ine 64, in wrapper
    fn(*args, **kwargs)
  File "D:\Projects\hotel-app\virtual-env\Lib\site-packages\django\core\management\command
s\runserver.py", line 133, in inner_run
    self.check(display_num_errors=True)
  File "D:\Projects\hotel-app\virtual-env\Lib\site-packages\django\core\management\base.py
", line 485, in check
    all_issues = checks.run_checks(
                 ^^^^^^^^^^^^^^^^^^
  File "D:\Projects\hotel-app\virtual-env\Lib\site-packages\django\core\checks\registry.py
", line 88, in run_checks
    new_errors = check(app_configs=app_configs, databases=databases)
                 ^^^^^^^^^^^^^^^^^^^^^^^^^^^^^^^^^^^^^^^^^^^^^^^^^^^
  File "D:\Projects\hotel-app\virtual-env\Lib\site-packages\django\core\checks\urls.py", l
ine 42, in check_url_namespaces_unique
    all_namespaces = _load_all_namespaces(resolver)
                     ^^^^^^^^^^^^^^^^^^^^^^^^^^^^^^
  File "D:\Projects\hotel-app\virtual-env\Lib\site-packages\django\core\checks\urls.py", l
ine 61, in _load_all_namespaces
    url_patterns = getattr(resolver, "url_patterns", [])
                   ^^^^^^^^^^^^^^^^^^^^^^^^^^^^^^^^^^^^^
  File "D:\Projects\hotel-app\virtual-env\Lib\site-packages\django\utils\functional.py", l
ine 57, in __get__
    res = instance.__dict__[self.name] = self.func(instance)
                                         ^^^^^^^^^^^^^^^^^^^
  File "D:\Projects\hotel-app\virtual-env\Lib\site-packages\django\urls\resolvers.py", lin
e 715, in url_patterns
    patterns = getattr(self.urlconf_module, "urlpatterns", self.urlconf_module)
                       ^^^^^^^^^^^^^^^^^^^
  File "D:\Projects\hotel-app\virtual-env\Lib\site-packages\django\utils\functional.py", l
ine 57, in __get__
    res = instance.__dict__[self.name] = self.func(instance)
                                         ^^^^^^^^^^^^^^^^^^^
  File "D:\Projects\hotel-app\virtual-env\Lib\site-packages\django\urls\resolvers.py", lin
e 708, in urlconf_module
    return import_module(self.urlconf_name)
           ^^^^^^^^^^^^^^^^^^^^^^^^^^^^^^^^
  File "C:\Users\danko\AppData\Local\Programs\Python\Python311\Lib\importlib\__init__.py",
 line 126, in import_module
    return _bootstrap._gcd_import(name[level:], package, level)
           ^^^^^^^^^^^^^^^^^^^^^^^^^^^^^^^^^^^^^^^^^^^^^^^^^^^^
  File "<frozen importlib._bootstrap>", line 1204, in _gcd_import
  File "<frozen importlib._bootstrap>", line 1176, in _find_and_load
  File "<frozen importlib._bootstrap>", line 1147, in _find_and_load_unlocked
  File "<frozen importlib._bootstrap>", line 690, in _load_unlocked
  File "<frozen importlib._bootstrap_external>", line 940, in exec_module
  File "<frozen importlib._bootstrap>", line 241, in _call_with_frames_removed
  File "D:\Projects\hotel-app\hotelapp\urls.py", line 24, in <module>
    path('', include('bookings.urls')),
             ^^^^^^^^^^^^^^^^^^^^^^^^
  File "D:\Projects\hotel-app\virtual-env\Lib\site-packages\django\urls\conf.py", line 38,
 in include
    urlconf_module = import_module(urlconf_module)
                     ^^^^^^^^^^^^^^^^^^^^^^^^^^^^^
  File "C:\Users\danko\AppData\Local\Programs\Python\Python311\Lib\importlib\__init__.py",
 line 126, in import_module
    return _bootstrap._gcd_import(name[level:], package, level)
           ^^^^^^^^^^^^^^^^^^^^^^^^^^^^^^^^^^^^^^^^^^^^^^^^^^^^
  File "<frozen importlib._bootstrap>", line 1204, in _gcd_import
  File "<frozen importlib._bootstrap>", line 1176, in _find_and_load
  File "<frozen importlib._bootstrap>", line 1147, in _find_and_load_unlocked
  File "<frozen importlib._bootstrap>", line 690, in _load_unlocked
  File "<frozen importlib._bootstrap_external>", line 940, in exec_module
  File "<frozen importlib._bootstrap>", line 241, in _call_with_frames_removed
  File "D:\Projects\hotel-app\bookings\urls.py", line 2, in <module>
    from .views import auth_views, apartment_views
  File "D:\Projects\hotel-app\bookings\views\apartment_views.py", line 331
    if request.method == "POST" and bo
                                      ^
SyntaxError: expected ':'
D:\Projects\hotel-app\bookings\views\apartment_views.py changed, reloading.
D:\Projects\hotel-app\bookings\views\apartment_views.py changed, reloading.
AXES: BEGIN version 6.1.1, blocking by ip_address
Watching for file changes with StatReloader
Watching for file changes with StatReloader
Exception in thread django-main-thread:
Traceback (most recent call last):
  File "C:\Users\danko\AppData\Local\Programs\Python\Python311\Lib\threading.py", line 103
8, in _bootstrap_inner
    self.run()
  File "C:\Users\danko\AppData\Local\Programs\Python\Python311\Lib\threading.py", line 975
, in run
    self._target(*self._args, **self._kwargs)
  File "D:\Projects\hotel-app\virtual-env\Lib\site-packages\django\utils\autoreload.py", l
ine 64, in wrapper
    fn(*args, **kwargs)
  File "D:\Projects\hotel-app\virtual-env\Lib\site-packages\django\core\management\command
s\runserver.py", line 133, in inner_run
    self.check(display_num_errors=True)
  File "D:\Projects\hotel-app\virtual-env\Lib\site-packages\django\core\management\base.py
", line 485, in check
    all_issues = checks.run_checks(
                 ^^^^^^^^^^^^^^^^^^
  File "D:\Projects\hotel-app\virtual-env\Lib\site-packages\django\core\checks\registry.py
", line 88, in run_checks
    new_errors = check(app_configs=app_configs, databases=databases)
                 ^^^^^^^^^^^^^^^^^^^^^^^^^^^^^^^^^^^^^^^^^^^^^^^^^^^
  File "D:\Projects\hotel-app\virtual-env\Lib\site-packages\django\core\checks\urls.py", l
ine 42, in check_url_namespaces_unique
    all_namespaces = _load_all_namespaces(resolver)
                     ^^^^^^^^^^^^^^^^^^^^^^^^^^^^^^
  File "D:\Projects\hotel-app\virtual-env\Lib\site-packages\django\core\checks\urls.py", l
ine 61, in _load_all_namespaces
    url_patterns = getattr(resolver, "url_patterns", [])
                   ^^^^^^^^^^^^^^^^^^^^^^^^^^^^^^^^^^^^^
  File "D:\Projects\hotel-app\virtual-env\Lib\site-packages\django\utils\functional.py", l
ine 57, in __get__
    res = instance.__dict__[self.name] = self.func(instance)
                                         ^^^^^^^^^^^^^^^^^^^
  File "D:\Projects\hotel-app\virtual-env\Lib\site-packages\django\urls\resolvers.py", lin
e 715, in url_patterns
    patterns = getattr(self.urlconf_module, "urlpatterns", self.urlconf_module)
                       ^^^^^^^^^^^^^^^^^^^
  File "D:\Projects\hotel-app\virtual-env\Lib\site-packages\django\utils\functional.py", l
ine 57, in __get__
    res = instance.__dict__[self.name] = self.func(instance)
                                         ^^^^^^^^^^^^^^^^^^^
  File "D:\Projects\hotel-app\virtual-env\Lib\site-packages\django\urls\resolvers.py", lin
e 708, in urlconf_module
    return import_module(self.urlconf_name)
           ^^^^^^^^^^^^^^^^^^^^^^^^^^^^^^^^
  File "C:\Users\danko\AppData\Local\Programs\Python\Python311\Lib\importlib\__init__.py",
 line 126, in import_module
    return _bootstrap._gcd_import(name[level:], package, level)
           ^^^^^^^^^^^^^^^^^^^^^^^^^^^^^^^^^^^^^^^^^^^^^^^^^^^^
  File "<frozen importlib._bootstrap>", line 1204, in _gcd_import
  File "<frozen importlib._bootstrap>", line 1176, in _find_and_load
  File "<frozen importlib._bootstrap>", line 1147, in _find_and_load_unlocked
  File "<frozen importlib._bootstrap>", line 690, in _load_unlocked
  File "<frozen importlib._bootstrap_external>", line 940, in exec_module
  File "<frozen importlib._bootstrap>", line 241, in _call_with_frames_removed
  File "D:\Projects\hotel-app\hotelapp\urls.py", line 24, in <module>
    path('', include('bookings.urls')),
             ^^^^^^^^^^^^^^^^^^^^^^^^
  File "D:\Projects\hotel-app\virtual-env\Lib\site-packages\django\urls\conf.py", line 38,
 in include
    urlconf_module = import_module(urlconf_module)
                     ^^^^^^^^^^^^^^^^^^^^^^^^^^^^^
  File "C:\Users\danko\AppData\Local\Programs\Python\Python311\Lib\importlib\__init__.py",
 line 126, in import_module
    return _bootstrap._gcd_import(name[level:], package, level)
           ^^^^^^^^^^^^^^^^^^^^^^^^^^^^^^^^^^^^^^^^^^^^^^^^^^^^
  File "<frozen importlib._bootstrap>", line 1204, in _gcd_import
  File "<frozen importlib._bootstrap>", line 1176, in _find_and_load
  File "<frozen importlib._bootstrap>", line 1147, in _find_and_load_unlocked
  File "<frozen importlib._bootstrap>", line 690, in _load_unlocked
  File "<frozen importlib._bootstrap_external>", line 940, in exec_module
  File "<frozen importlib._bootstrap>", line 241, in _call_with_frames_removed
  File "D:\Projects\hotel-app\bookings\urls.py", line 2, in <module>
    from .views import auth_views, apartment_views
  File "D:\Projects\hotel-app\bookings\views\apartment_views.py", line 332
    
    ^
IndentationError: expected an indented block after 'if' statement on line 331
D:\Projects\hotel-app\bookings\views\apartment_views.py changed, reloading.
D:\Projects\hotel-app\bookings\views\apartment_views.py changed, reloading.
AXES: BEGIN version 6.1.1, blocking by ip_address
Watching for file changes with StatReloader
Watching for file changes with StatReloader
Exception in thread django-main-thread:
Traceback (most recent call last):
  File "C:\Users\danko\AppData\Local\Programs\Python\Python311\Lib\threading.py", line 103
8, in _bootstrap_inner
    self.run()
  File "C:\Users\danko\AppData\Local\Programs\Python\Python311\Lib\threading.py", line 975
, in run
    self._target(*self._args, **self._kwargs)
  File "D:\Projects\hotel-app\virtual-env\Lib\site-packages\django\utils\autoreload.py", l
ine 64, in wrapper
    fn(*args, **kwargs)
  File "D:\Projects\hotel-app\virtual-env\Lib\site-packages\django\core\management\command
s\runserver.py", line 133, in inner_run
    self.check(display_num_errors=True)
  File "D:\Projects\hotel-app\virtual-env\Lib\site-packages\django\core\management\base.py
", line 485, in check
    all_issues = checks.run_checks(
                 ^^^^^^^^^^^^^^^^^^
  File "D:\Projects\hotel-app\virtual-env\Lib\site-packages\django\core\checks\registry.py
", line 88, in run_checks
    new_errors = check(app_configs=app_configs, databases=databases)
                 ^^^^^^^^^^^^^^^^^^^^^^^^^^^^^^^^^^^^^^^^^^^^^^^^^^^
  File "D:\Projects\hotel-app\virtual-env\Lib\site-packages\django\core\checks\urls.py", l
ine 42, in check_url_namespaces_unique
    all_namespaces = _load_all_namespaces(resolver)
                     ^^^^^^^^^^^^^^^^^^^^^^^^^^^^^^
  File "D:\Projects\hotel-app\virtual-env\Lib\site-packages\django\core\checks\urls.py", l
ine 61, in _load_all_namespaces
    url_patterns = getattr(resolver, "url_patterns", [])
                   ^^^^^^^^^^^^^^^^^^^^^^^^^^^^^^^^^^^^^
  File "D:\Projects\hotel-app\virtual-env\Lib\site-packages\django\utils\functional.py", l
ine 57, in __get__
    res = instance.__dict__[self.name] = self.func(instance)
                                         ^^^^^^^^^^^^^^^^^^^
  File "D:\Projects\hotel-app\virtual-env\Lib\site-packages\django\urls\resolvers.py", lin
e 715, in url_patterns
    patterns = getattr(self.urlconf_module, "urlpatterns", self.urlconf_module)
                       ^^^^^^^^^^^^^^^^^^^
  File "D:\Projects\hotel-app\virtual-env\Lib\site-packages\django\utils\functional.py", l
ine 57, in __get__
    res = instance.__dict__[self.name] = self.func(instance)
                                         ^^^^^^^^^^^^^^^^^^^
  File "D:\Projects\hotel-app\virtual-env\Lib\site-packages\django\urls\resolvers.py", lin
e 708, in urlconf_module
    return import_module(self.urlconf_name)
           ^^^^^^^^^^^^^^^^^^^^^^^^^^^^^^^^
  File "C:\Users\danko\AppData\Local\Programs\Python\Python311\Lib\importlib\__init__.py",
 line 126, in import_module
    return _bootstrap._gcd_import(name[level:], package, level)
           ^^^^^^^^^^^^^^^^^^^^^^^^^^^^^^^^^^^^^^^^^^^^^^^^^^^^
  File "<frozen importlib._bootstrap>", line 1204, in _gcd_import
  File "<frozen importlib._bootstrap>", line 1176, in _find_and_load
  File "<frozen importlib._bootstrap>", line 1147, in _find_and_load_unlocked
  File "<frozen importlib._bootstrap>", line 690, in _load_unlocked
  File "<frozen importlib._bootstrap_external>", line 940, in exec_module
  File "<frozen importlib._bootstrap>", line 241, in _call_with_frames_removed
  File "D:\Projects\hotel-app\hotelapp\urls.py", line 24, in <module>
    path('', include('bookings.urls')),
             ^^^^^^^^^^^^^^^^^^^^^^^^
  File "D:\Projects\hotel-app\virtual-env\Lib\site-packages\django\urls\conf.py", line 38,
 in include
    urlconf_module = import_module(urlconf_module)
                     ^^^^^^^^^^^^^^^^^^^^^^^^^^^^^
  File "C:\Users\danko\AppData\Local\Programs\Python\Python311\Lib\importlib\__init__.py",
 line 126, in import_module
    return _bootstrap._gcd_import(name[level:], package, level)
           ^^^^^^^^^^^^^^^^^^^^^^^^^^^^^^^^^^^^^^^^^^^^^^^^^^^^
  File "<frozen importlib._bootstrap>", line 1204, in _gcd_import
  File "<frozen importlib._bootstrap>", line 1176, in _find_and_load
  File "<frozen importlib._bootstrap>", line 1147, in _find_and_load_unlocked
  File "<frozen importlib._bootstrap>", line 690, in _load_unlocked
  File "<frozen importlib._bootstrap_external>", line 940, in exec_module
  File "<frozen importlib._bootstrap>", line 241, in _call_with_frames_removed
  File "D:\Projects\hotel-app\bookings\urls.py", line 2, in <module>
    from .views import auth_views, apartment_views
  File "D:\Projects\hotel-app\bookings\views\apartment_views.py", line 332
    #Issue h
            ^
IndentationError: expected an indented block after 'if' statement on line 331
D:\Projects\hotel-app\bookings\views\apartment_views.py changed, reloading.
D:\Projects\hotel-app\bookings\views\apartment_views.py changed, reloading.
AXES: BEGIN version 6.1.1, blocking by ip_address
Watching for file changes with StatReloader
Watching for file changes with StatReloader
Exception in thread django-main-thread:
Traceback (most recent call last):
  File "C:\Users\danko\AppData\Local\Programs\Python\Python311\Lib\threading.py", line 103
8, in _bootstrap_inner
    self.run()
  File "C:\Users\danko\AppData\Local\Programs\Python\Python311\Lib\threading.py", line 975
, in run
    self._target(*self._args, **self._kwargs)
  File "D:\Projects\hotel-app\virtual-env\Lib\site-packages\django\utils\autoreload.py", l
ine 64, in wrapper
    fn(*args, **kwargs)
  File "D:\Projects\hotel-app\virtual-env\Lib\site-packages\django\core\management\command
s\runserver.py", line 133, in inner_run
    self.check(display_num_errors=True)
  File "D:\Projects\hotel-app\virtual-env\Lib\site-packages\django\core\management\base.py
", line 485, in check
    all_issues = checks.run_checks(
                 ^^^^^^^^^^^^^^^^^^
  File "D:\Projects\hotel-app\virtual-env\Lib\site-packages\django\core\checks\registry.py
", line 88, in run_checks
    new_errors = check(app_configs=app_configs, databases=databases)
                 ^^^^^^^^^^^^^^^^^^^^^^^^^^^^^^^^^^^^^^^^^^^^^^^^^^^
  File "D:\Projects\hotel-app\virtual-env\Lib\site-packages\django\core\checks\urls.py", l
ine 42, in check_url_namespaces_unique
    all_namespaces = _load_all_namespaces(resolver)
                     ^^^^^^^^^^^^^^^^^^^^^^^^^^^^^^
  File "D:\Projects\hotel-app\virtual-env\Lib\site-packages\django\core\checks\urls.py", l
ine 61, in _load_all_namespaces
    url_patterns = getattr(resolver, "url_patterns", [])
                   ^^^^^^^^^^^^^^^^^^^^^^^^^^^^^^^^^^^^^
  File "D:\Projects\hotel-app\virtual-env\Lib\site-packages\django\utils\functional.py", l
ine 57, in __get__
    res = instance.__dict__[self.name] = self.func(instance)
                                         ^^^^^^^^^^^^^^^^^^^
  File "D:\Projects\hotel-app\virtual-env\Lib\site-packages\django\urls\resolvers.py", lin
e 715, in url_patterns
    patterns = getattr(self.urlconf_module, "urlpatterns", self.urlconf_module)
                       ^^^^^^^^^^^^^^^^^^^
  File "D:\Projects\hotel-app\virtual-env\Lib\site-packages\django\utils\functional.py", l
ine 57, in __get__
    res = instance.__dict__[self.name] = self.func(instance)
                                         ^^^^^^^^^^^^^^^^^^^
  File "D:\Projects\hotel-app\virtual-env\Lib\site-packages\django\urls\resolvers.py", lin
e 708, in urlconf_module
    return import_module(self.urlconf_name)
           ^^^^^^^^^^^^^^^^^^^^^^^^^^^^^^^^
  File "C:\Users\danko\AppData\Local\Programs\Python\Python311\Lib\importlib\__init__.py",
 line 126, in import_module
    return _bootstrap._gcd_import(name[level:], package, level)
           ^^^^^^^^^^^^^^^^^^^^^^^^^^^^^^^^^^^^^^^^^^^^^^^^^^^^
  File "<frozen importlib._bootstrap>", line 1204, in _gcd_import
  File "<frozen importlib._bootstrap>", line 1176, in _find_and_load
  File "<frozen importlib._bootstrap>", line 1147, in _find_and_load_unlocked
  File "<frozen importlib._bootstrap>", line 690, in _load_unlocked
  File "<frozen importlib._bootstrap_external>", line 940, in exec_module
  File "<frozen importlib._bootstrap>", line 241, in _call_with_frames_removed
  File "D:\Projects\hotel-app\hotelapp\urls.py", line 24, in <module>
    path('', include('bookings.urls')),
             ^^^^^^^^^^^^^^^^^^^^^^^^
  File "D:\Projects\hotel-app\virtual-env\Lib\site-packages\django\urls\conf.py", line 38,
 in include
    urlconf_module = import_module(urlconf_module)
                     ^^^^^^^^^^^^^^^^^^^^^^^^^^^^^
  File "C:\Users\danko\AppData\Local\Programs\Python\Python311\Lib\importlib\__init__.py",
 line 126, in import_module
    return _bootstrap._gcd_import(name[level:], package, level)
           ^^^^^^^^^^^^^^^^^^^^^^^^^^^^^^^^^^^^^^^^^^^^^^^^^^^^
  File "<frozen importlib._bootstrap>", line 1204, in _gcd_import
  File "<frozen importlib._bootstrap>", line 1176, in _find_and_load
  File "<frozen importlib._bootstrap>", line 1147, in _find_and_load_unlocked
  File "<frozen importlib._bootstrap>", line 690, in _load_unlocked
  File "<frozen importlib._bootstrap_external>", line 940, in exec_module
  File "<frozen importlib._bootstrap>", line 241, in _call_with_frames_removed
  File "D:\Projects\hotel-app\bookings\urls.py", line 2, in <module>
    from .views import auth_views, apartment_views
  File "D:\Projects\hotel-app\bookings\views\apartment_views.py", line 332
    #Issue the refund 
                      ^
IndentationError: expected an indented block after 'if' statement on line 331
D:\Projects\hotel-app\bookings\views\apartment_views.py changed, reloading.
D:\Projects\hotel-app\bookings\views\apartment_views.py changed, reloading.
AXES: BEGIN version 6.1.1, blocking by ip_address
Watching for file changes with StatReloader
Watching for file changes with StatReloader
Exception in thread django-main-thread:
Traceback (most recent call last):
  File "C:\Users\danko\AppData\Local\Programs\Python\Python311\Lib\threading.py", line 103
8, in _bootstrap_inner
    self.run()
  File "C:\Users\danko\AppData\Local\Programs\Python\Python311\Lib\threading.py", line 975
, in run
    self._target(*self._args, **self._kwargs)
  File "D:\Projects\hotel-app\virtual-env\Lib\site-packages\django\utils\autoreload.py", l
ine 64, in wrapper
    fn(*args, **kwargs)
  File "D:\Projects\hotel-app\virtual-env\Lib\site-packages\django\core\management\command
s\runserver.py", line 133, in inner_run
    self.check(display_num_errors=True)
  File "D:\Projects\hotel-app\virtual-env\Lib\site-packages\django\core\management\base.py
", line 485, in check
    all_issues = checks.run_checks(
                 ^^^^^^^^^^^^^^^^^^
  File "D:\Projects\hotel-app\virtual-env\Lib\site-packages\django\core\checks\registry.py
", line 88, in run_checks
    new_errors = check(app_configs=app_configs, databases=databases)
                 ^^^^^^^^^^^^^^^^^^^^^^^^^^^^^^^^^^^^^^^^^^^^^^^^^^^
  File "D:\Projects\hotel-app\virtual-env\Lib\site-packages\django\core\checks\urls.py", l
ine 42, in check_url_namespaces_unique
    all_namespaces = _load_all_namespaces(resolver)
                     ^^^^^^^^^^^^^^^^^^^^^^^^^^^^^^
  File "D:\Projects\hotel-app\virtual-env\Lib\site-packages\django\core\checks\urls.py", l
ine 61, in _load_all_namespaces
    url_patterns = getattr(resolver, "url_patterns", [])
                   ^^^^^^^^^^^^^^^^^^^^^^^^^^^^^^^^^^^^^
  File "D:\Projects\hotel-app\virtual-env\Lib\site-packages\django\utils\functional.py", l
ine 57, in __get__
    res = instance.__dict__[self.name] = self.func(instance)
                                         ^^^^^^^^^^^^^^^^^^^
  File "D:\Projects\hotel-app\virtual-env\Lib\site-packages\django\urls\resolvers.py", lin
e 715, in url_patterns
    patterns = getattr(self.urlconf_module, "urlpatterns", self.urlconf_module)
                       ^^^^^^^^^^^^^^^^^^^
  File "D:\Projects\hotel-app\virtual-env\Lib\site-packages\django\utils\functional.py", l
ine 57, in __get__
    res = instance.__dict__[self.name] = self.func(instance)
                                         ^^^^^^^^^^^^^^^^^^^
  File "D:\Projects\hotel-app\virtual-env\Lib\site-packages\django\urls\resolvers.py", lin
e 708, in urlconf_module
    return import_module(self.urlconf_name)
           ^^^^^^^^^^^^^^^^^^^^^^^^^^^^^^^^
  File "C:\Users\danko\AppData\Local\Programs\Python\Python311\Lib\importlib\__init__.py",
 line 126, in import_module
    return _bootstrap._gcd_import(name[level:], package, level)
           ^^^^^^^^^^^^^^^^^^^^^^^^^^^^^^^^^^^^^^^^^^^^^^^^^^^^
  File "<frozen importlib._bootstrap>", line 1204, in _gcd_import
  File "<frozen importlib._bootstrap>", line 1176, in _find_and_load
  File "<frozen importlib._bootstrap>", line 1147, in _find_and_load_unlocked
  File "<frozen importlib._bootstrap>", line 690, in _load_unlocked
  File "<frozen importlib._bootstrap_external>", line 940, in exec_module
  File "<frozen importlib._bootstrap>", line 241, in _call_with_frames_removed
  File "D:\Projects\hotel-app\hotelapp\urls.py", line 24, in <module>
    path('', include('bookings.urls')),
             ^^^^^^^^^^^^^^^^^^^^^^^^
  File "D:\Projects\hotel-app\virtual-env\Lib\site-packages\django\urls\conf.py", line 38,
 in include
    urlconf_module = import_module(urlconf_module)
                     ^^^^^^^^^^^^^^^^^^^^^^^^^^^^^
  File "C:\Users\danko\AppData\Local\Programs\Python\Python311\Lib\importlib\__init__.py",
 line 126, in import_module
    return _bootstrap._gcd_import(name[level:], package, level)
           ^^^^^^^^^^^^^^^^^^^^^^^^^^^^^^^^^^^^^^^^^^^^^^^^^^^^
  File "<frozen importlib._bootstrap>", line 1204, in _gcd_import
  File "<frozen importlib._bootstrap>", line 1176, in _find_and_load
  File "<frozen importlib._bootstrap>", line 1147, in _find_and_load_unlocked
  File "<frozen importlib._bootstrap>", line 690, in _load_unlocked
  File "<frozen importlib._bootstrap_external>", line 940, in exec_module
  File "<frozen importlib._bootstrap>", line 241, in _call_with_frames_removed
  File "D:\Projects\hotel-app\bookings\urls.py", line 2, in <module>
    from .views import auth_views, apartment_views
  File "D:\Projects\hotel-app\bookings\views\apartment_views.py", line 333
    
    ^
IndentationError: expected an indented block after 'if' statement on line 331
D:\Projects\hotel-app\bookings\views\apartment_views.py changed, reloading.
D:\Projects\hotel-app\bookings\views\apartment_views.py changed, reloading.
AXES: BEGIN version 6.1.1, blocking by ip_address
Watching for file changes with StatReloader
Watching for file changes with StatReloader
Exception in thread django-main-thread:
Traceback (most recent call last):
  File "C:\Users\danko\AppData\Local\Programs\Python\Python311\Lib\threading.py", line 103
8, in _bootstrap_inner
    self.run()
  File "C:\Users\danko\AppData\Local\Programs\Python\Python311\Lib\threading.py", line 975
, in run
    self._target(*self._args, **self._kwargs)
  File "D:\Projects\hotel-app\virtual-env\Lib\site-packages\django\utils\autoreload.py", l
ine 64, in wrapper
    fn(*args, **kwargs)
  File "D:\Projects\hotel-app\virtual-env\Lib\site-packages\django\core\management\command
s\runserver.py", line 133, in inner_run
    self.check(display_num_errors=True)
  File "D:\Projects\hotel-app\virtual-env\Lib\site-packages\django\core\management\base.py
", line 485, in check
    all_issues = checks.run_checks(
                 ^^^^^^^^^^^^^^^^^^
  File "D:\Projects\hotel-app\virtual-env\Lib\site-packages\django\core\checks\registry.py
", line 88, in run_checks
    new_errors = check(app_configs=app_configs, databases=databases)
                 ^^^^^^^^^^^^^^^^^^^^^^^^^^^^^^^^^^^^^^^^^^^^^^^^^^^
  File "D:\Projects\hotel-app\virtual-env\Lib\site-packages\django\core\checks\urls.py", l
ine 42, in check_url_namespaces_unique
    all_namespaces = _load_all_namespaces(resolver)
                     ^^^^^^^^^^^^^^^^^^^^^^^^^^^^^^
  File "D:\Projects\hotel-app\virtual-env\Lib\site-packages\django\core\checks\urls.py", l
ine 61, in _load_all_namespaces
    url_patterns = getattr(resolver, "url_patterns", [])
                   ^^^^^^^^^^^^^^^^^^^^^^^^^^^^^^^^^^^^^
  File "D:\Projects\hotel-app\virtual-env\Lib\site-packages\django\utils\functional.py", l
ine 57, in __get__
    res = instance.__dict__[self.name] = self.func(instance)
                                         ^^^^^^^^^^^^^^^^^^^
  File "D:\Projects\hotel-app\virtual-env\Lib\site-packages\django\urls\resolvers.py", lin
e 715, in url_patterns
    patterns = getattr(self.urlconf_module, "urlpatterns", self.urlconf_module)
                       ^^^^^^^^^^^^^^^^^^^
  File "D:\Projects\hotel-app\virtual-env\Lib\site-packages\django\utils\functional.py", l
ine 57, in __get__
    res = instance.__dict__[self.name] = self.func(instance)
                                         ^^^^^^^^^^^^^^^^^^^
  File "D:\Projects\hotel-app\virtual-env\Lib\site-packages\django\urls\resolvers.py", lin
e 708, in urlconf_module
    return import_module(self.urlconf_name)
           ^^^^^^^^^^^^^^^^^^^^^^^^^^^^^^^^
  File "C:\Users\danko\AppData\Local\Programs\Python\Python311\Lib\importlib\__init__.py",
 line 126, in import_module
    return _bootstrap._gcd_import(name[level:], package, level)
           ^^^^^^^^^^^^^^^^^^^^^^^^^^^^^^^^^^^^^^^^^^^^^^^^^^^^
  File "<frozen importlib._bootstrap>", line 1204, in _gcd_import
  File "<frozen importlib._bootstrap>", line 1176, in _find_and_load
  File "<frozen importlib._bootstrap>", line 1147, in _find_and_load_unlocked
  File "<frozen importlib._bootstrap>", line 690, in _load_unlocked
  File "<frozen importlib._bootstrap_external>", line 940, in exec_module
  File "<frozen importlib._bootstrap>", line 241, in _call_with_frames_removed
  File "D:\Projects\hotel-app\hotelapp\urls.py", line 24, in <module>
    path('', include('bookings.urls')),
             ^^^^^^^^^^^^^^^^^^^^^^^^
  File "D:\Projects\hotel-app\virtual-env\Lib\site-packages\django\urls\conf.py", line 38,
 in include
    urlconf_module = import_module(urlconf_module)
                     ^^^^^^^^^^^^^^^^^^^^^^^^^^^^^
  File "C:\Users\danko\AppData\Local\Programs\Python\Python311\Lib\importlib\__init__.py",
 line 126, in import_module
    return _bootstrap._gcd_import(name[level:], package, level)
           ^^^^^^^^^^^^^^^^^^^^^^^^^^^^^^^^^^^^^^^^^^^^^^^^^^^^
  File "<frozen importlib._bootstrap>", line 1204, in _gcd_import
  File "<frozen importlib._bootstrap>", line 1176, in _find_and_load
  File "<frozen importlib._bootstrap>", line 1147, in _find_and_load_unlocked
  File "<frozen importlib._bootstrap>", line 690, in _load_unlocked
  File "<frozen importlib._bootstrap_external>", line 940, in exec_module
  File "<frozen importlib._bootstrap>", line 241, in _call_with_frames_removed
  File "D:\Projects\hotel-app\bookings\urls.py", line 2, in <module>
    from .views import auth_views, apartment_views
  File "D:\Projects\hotel-app\bookings\views\apartment_views.py", line 334
    #Update the 
                ^
IndentationError: expected an indented block after 'if' statement on line 331
D:\Projects\hotel-app\bookings\views\apartment_views.py changed, reloading.
D:\Projects\hotel-app\bookings\views\apartment_views.py changed, reloading.
AXES: BEGIN version 6.1.1, blocking by ip_address
Watching for file changes with StatReloader
Watching for file changes with StatReloader
Exception in thread django-main-thread:
Traceback (most recent call last):
  File "C:\Users\danko\AppData\Local\Programs\Python\Python311\Lib\threading.py", line 103
8, in _bootstrap_inner
    self.run()
  File "C:\Users\danko\AppData\Local\Programs\Python\Python311\Lib\threading.py", line 975
, in run
    self._target(*self._args, **self._kwargs)
  File "D:\Projects\hotel-app\virtual-env\Lib\site-packages\django\utils\autoreload.py", l
ine 64, in wrapper
    fn(*args, **kwargs)
  File "D:\Projects\hotel-app\virtual-env\Lib\site-packages\django\core\management\command
s\runserver.py", line 133, in inner_run
    self.check(display_num_errors=True)
  File "D:\Projects\hotel-app\virtual-env\Lib\site-packages\django\core\management\base.py
", line 485, in check
    all_issues = checks.run_checks(
                 ^^^^^^^^^^^^^^^^^^
  File "D:\Projects\hotel-app\virtual-env\Lib\site-packages\django\core\checks\registry.py
", line 88, in run_checks
    new_errors = check(app_configs=app_configs, databases=databases)
                 ^^^^^^^^^^^^^^^^^^^^^^^^^^^^^^^^^^^^^^^^^^^^^^^^^^^
  File "D:\Projects\hotel-app\virtual-env\Lib\site-packages\django\core\checks\urls.py", l
ine 42, in check_url_namespaces_unique
    all_namespaces = _load_all_namespaces(resolver)
                     ^^^^^^^^^^^^^^^^^^^^^^^^^^^^^^
  File "D:\Projects\hotel-app\virtual-env\Lib\site-packages\django\core\checks\urls.py", l
ine 61, in _load_all_namespaces
    url_patterns = getattr(resolver, "url_patterns", [])
                   ^^^^^^^^^^^^^^^^^^^^^^^^^^^^^^^^^^^^^
  File "D:\Projects\hotel-app\virtual-env\Lib\site-packages\django\utils\functional.py", l
ine 57, in __get__
    res = instance.__dict__[self.name] = self.func(instance)
                                         ^^^^^^^^^^^^^^^^^^^
  File "D:\Projects\hotel-app\virtual-env\Lib\site-packages\django\urls\resolvers.py", lin
e 715, in url_patterns
    patterns = getattr(self.urlconf_module, "urlpatterns", self.urlconf_module)
                       ^^^^^^^^^^^^^^^^^^^
  File "D:\Projects\hotel-app\virtual-env\Lib\site-packages\django\utils\functional.py", l
ine 57, in __get__
    res = instance.__dict__[self.name] = self.func(instance)
                                         ^^^^^^^^^^^^^^^^^^^
  File "D:\Projects\hotel-app\virtual-env\Lib\site-packages\django\urls\resolvers.py", lin
e 708, in urlconf_module
    return import_module(self.urlconf_name)
           ^^^^^^^^^^^^^^^^^^^^^^^^^^^^^^^^
  File "C:\Users\danko\AppData\Local\Programs\Python\Python311\Lib\importlib\__init__.py",
 line 126, in import_module
    return _bootstrap._gcd_import(name[level:], package, level)
           ^^^^^^^^^^^^^^^^^^^^^^^^^^^^^^^^^^^^^^^^^^^^^^^^^^^^
  File "<frozen importlib._bootstrap>", line 1204, in _gcd_import
  File "<frozen importlib._bootstrap>", line 1176, in _find_and_load
  File "<frozen importlib._bootstrap>", line 1147, in _find_and_load_unlocked
  File "<frozen importlib._bootstrap>", line 690, in _load_unlocked
  File "<frozen importlib._bootstrap_external>", line 940, in exec_module
  File "<frozen importlib._bootstrap>", line 241, in _call_with_frames_removed
  File "D:\Projects\hotel-app\hotelapp\urls.py", line 24, in <module>
    path('', include('bookings.urls')),
             ^^^^^^^^^^^^^^^^^^^^^^^^
  File "D:\Projects\hotel-app\virtual-env\Lib\site-packages\django\urls\conf.py", line 38,
 in include
    urlconf_module = import_module(urlconf_module)
                     ^^^^^^^^^^^^^^^^^^^^^^^^^^^^^
  File "C:\Users\danko\AppData\Local\Programs\Python\Python311\Lib\importlib\__init__.py",
 line 126, in import_module
    return _bootstrap._gcd_import(name[level:], package, level)
           ^^^^^^^^^^^^^^^^^^^^^^^^^^^^^^^^^^^^^^^^^^^^^^^^^^^^
  File "<frozen importlib._bootstrap>", line 1204, in _gcd_import
  File "<frozen importlib._bootstrap>", line 1176, in _find_and_load
  File "<frozen importlib._bootstrap>", line 1147, in _find_and_load_unlocked
  File "<frozen importlib._bootstrap>", line 690, in _load_unlocked
  File "<frozen importlib._bootstrap_external>", line 940, in exec_module
  File "<frozen importlib._bootstrap>", line 241, in _call_with_frames_removed
  File "D:\Projects\hotel-app\bookings\urls.py", line 2, in <module>
    from .views import auth_views, apartment_views
  File "D:\Projects\hotel-app\bookings\views\apartment_views.py", line 334
    #Update the booking status
                              ^
IndentationError: expected an indented block after 'if' statement on line 331
D:\Projects\hotel-app\bookings\views\apartment_views.py changed, reloading.
D:\Projects\hotel-app\bookings\views\apartment_views.py changed, reloading.
AXES: BEGIN version 6.1.1, blocking by ip_address
Watching for file changes with StatReloader
Watching for file changes with StatReloader
D:\Projects\hotel-app\bookings\views\apartment_views.py changed, reloading.
D:\Projects\hotel-app\bookings\views\apartment_views.py changed, reloading.
AXES: BEGIN version 6.1.1, blocking by ip_address
Watching for file changes with StatReloader
Watching for file changes with StatReloader
D:\Projects\hotel-app\bookings\views\apartment_views.py changed, reloading.
D:\Projects\hotel-app\bookings\views\apartment_views.py changed, reloading.
AXES: BEGIN version 6.1.1, blocking by ip_address
Watching for file changes with StatReloader
Watching for file changes with StatReloader
D:\Projects\hotel-app\bookings\views\apartment_views.py changed, reloading.
D:\Projects\hotel-app\bookings\views\apartment_views.py changed, reloading.
AXES: BEGIN version 6.1.1, blocking by ip_address
Watching for file changes with StatReloader
Watching for file changes with StatReloader
D:\Projects\hotel-app\bookings\views\apartment_views.py changed, reloading.
D:\Projects\hotel-app\bookings\views\apartment_views.py changed, reloading.
AXES: BEGIN version 6.1.1, blocking by ip_address
Watching for file changes with StatReloader
Watching for file changes with StatReloader
D:\Projects\hotel-app\bookings\views\apartment_views.py changed, reloading.
D:\Projects\hotel-app\bookings\views\apartment_views.py changed, reloading.
AXES: BEGIN version 6.1.1, blocking by ip_address
Watching for file changes with StatReloader
Watching for file changes with StatReloader
D:\Projects\hotel-app\bookings\views\apartment_views.py changed, reloading.
D:\Projects\hotel-app\bookings\views\apartment_views.py changed, reloading.
AXES: BEGIN version 6.1.1, blocking by ip_address
Watching for file changes with StatReloader
Watching for file changes with StatReloader
D:\Projects\hotel-app\bookings\views\apartment_views.py changed, reloading.
D:\Projects\hotel-app\bookings\views\apartment_views.py changed, reloading.
AXES: BEGIN version 6.1.1, blocking by ip_address
Watching for file changes with StatReloader
Watching for file changes with StatReloader
Exception in thread django-main-thread:
Traceback (most recent call last):
  File "C:\Users\danko\AppData\Local\Programs\Python\Python311\Lib\threading.py", line 103
8, in _bootstrap_inner
    self.run()
  File "C:\Users\danko\AppData\Local\Programs\Python\Python311\Lib\threading.py", line 975
, in run
    self._target(*self._args, **self._kwargs)
  File "D:\Projects\hotel-app\virtual-env\Lib\site-packages\django\utils\autoreload.py", l
ine 64, in wrapper
    fn(*args, **kwargs)
  File "D:\Projects\hotel-app\virtual-env\Lib\site-packages\django\core\management\command
s\runserver.py", line 133, in inner_run
    self.check(display_num_errors=True)
  File "D:\Projects\hotel-app\virtual-env\Lib\site-packages\django\core\management\base.py
", line 485, in check
    all_issues = checks.run_checks(
                 ^^^^^^^^^^^^^^^^^^
  File "D:\Projects\hotel-app\virtual-env\Lib\site-packages\django\core\checks\registry.py
", line 88, in run_checks
    new_errors = check(app_configs=app_configs, databases=databases)
                 ^^^^^^^^^^^^^^^^^^^^^^^^^^^^^^^^^^^^^^^^^^^^^^^^^^^
  File "D:\Projects\hotel-app\virtual-env\Lib\site-packages\django\core\checks\urls.py", l
ine 14, in check_url_config
    return check_resolver(resolver)
           ^^^^^^^^^^^^^^^^^^^^^^^^
  File "D:\Projects\hotel-app\virtual-env\Lib\site-packages\django\core\checks\urls.py", l
ine 24, in check_resolver
    return check_method()
           ^^^^^^^^^^^^^^
  File "D:\Projects\hotel-app\virtual-env\Lib\site-packages\django\urls\resolvers.py", lin
e 494, in check
    for pattern in self.url_patterns:
                   ^^^^^^^^^^^^^^^^^
  File "D:\Projects\hotel-app\virtual-env\Lib\site-packages\django\utils\functional.py", l
ine 57, in __get__
    res = instance.__dict__[self.name] = self.func(instance)
                                         ^^^^^^^^^^^^^^^^^^^
  File "D:\Projects\hotel-app\virtual-env\Lib\site-packages\django\urls\resolvers.py", lin
e 715, in url_patterns
    patterns = getattr(self.urlconf_module, "urlpatterns", self.urlconf_module)
                       ^^^^^^^^^^^^^^^^^^^
  File "D:\Projects\hotel-app\virtual-env\Lib\site-packages\django\utils\functional.py", l
ine 57, in __get__
    res = instance.__dict__[self.name] = self.func(instance)
                                         ^^^^^^^^^^^^^^^^^^^
  File "D:\Projects\hotel-app\virtual-env\Lib\site-packages\django\urls\resolvers.py", lin
e 708, in urlconf_module
    return import_module(self.urlconf_name)
           ^^^^^^^^^^^^^^^^^^^^^^^^^^^^^^^^
  File "C:\Users\danko\AppData\Local\Programs\Python\Python311\Lib\importlib\__init__.py",
 line 126, in import_module
    return _bootstrap._gcd_import(name[level:], package, level)
           ^^^^^^^^^^^^^^^^^^^^^^^^^^^^^^^^^^^^^^^^^^^^^^^^^^^^
  File "<frozen importlib._bootstrap>", line 1204, in _gcd_import
  File "<frozen importlib._bootstrap>", line 1176, in _find_and_load
  File "<frozen importlib._bootstrap>", line 1147, in _find_and_load_unlocked
  File "<frozen importlib._bootstrap>", line 690, in _load_unlocked
  File "<frozen importlib._bootstrap_external>", line 940, in exec_module
  File "<frozen importlib._bootstrap>", line 241, in _call_with_frames_removed
  File "D:\Projects\hotel-app\hotelapp\urls.py", line 24, in <module>
    path('', include('bookings.urls')),
             ^^^^^^^^^^^^^^^^^^^^^^^^
  File "D:\Projects\hotel-app\virtual-env\Lib\site-packages\django\urls\conf.py", line 38,
 in include
    urlconf_module = import_module(urlconf_module)
                     ^^^^^^^^^^^^^^^^^^^^^^^^^^^^^
  File "C:\Users\danko\AppData\Local\Programs\Python\Python311\Lib\importlib\__init__.py",
 line 126, in import_module
    return _bootstrap._gcd_import(name[level:], package, level)
           ^^^^^^^^^^^^^^^^^^^^^^^^^^^^^^^^^^^^^^^^^^^^^^^^^^^^
  File "<frozen importlib._bootstrap>", line 1204, in _gcd_import
  File "<frozen importlib._bootstrap>", line 1176, in _find_and_load
  File "<frozen importlib._bootstrap>", line 1147, in _find_and_load_unlocked
  File "<frozen importlib._bootstrap>", line 690, in _load_unlocked
  File "<frozen importlib._bootstrap_external>", line 940, in exec_module
  File "<frozen importlib._bootstrap>", line 241, in _call_with_frames_removed
  File "D:\Projects\hotel-app\bookings\urls.py", line 15, in <module>
    path('apartments/', apartment_views.apartments_view, name='apartments'),
                        ^^^^^^^^^^^^^^^^^^^^^^^^^^^^^^^
AttributeError: module 'bookings.views.apartment_views' has no attribute 'apartments_view'
D:\Projects\hotel-app\bookings\views\apartment_views.py changed, reloading.
D:\Projects\hotel-app\bookings\views\apartment_views.py changed, reloading.
AXES: BEGIN version 6.1.1, blocking by ip_address
Watching for file changes with StatReloader
Watching for file changes with StatReloader
Exception in thread django-main-thread:
Traceback (most recent call last):
  File "C:\Users\danko\AppData\Local\Programs\Python\Python311\Lib\threading.py", line 103
8, in _bootstrap_inner
    self.run()
  File "C:\Users\danko\AppData\Local\Programs\Python\Python311\Lib\threading.py", line 975
, in run
    self._target(*self._args, **self._kwargs)
  File "D:\Projects\hotel-app\virtual-env\Lib\site-packages\django\utils\autoreload.py", l
ine 64, in wrapper
    fn(*args, **kwargs)
  File "D:\Projects\hotel-app\virtual-env\Lib\site-packages\django\core\management\command
s\runserver.py", line 133, in inner_run
    self.check(display_num_errors=True)
  File "D:\Projects\hotel-app\virtual-env\Lib\site-packages\django\core\management\base.py
", line 485, in check
    all_issues = checks.run_checks(
                 ^^^^^^^^^^^^^^^^^^
  File "D:\Projects\hotel-app\virtual-env\Lib\site-packages\django\core\checks\registry.py
", line 88, in run_checks
    new_errors = check(app_configs=app_configs, databases=databases)
                 ^^^^^^^^^^^^^^^^^^^^^^^^^^^^^^^^^^^^^^^^^^^^^^^^^^^
  File "D:\Projects\hotel-app\virtual-env\Lib\site-packages\django\core\checks\urls.py", l
ine 42, in check_url_namespaces_unique
    all_namespaces = _load_all_namespaces(resolver)
                     ^^^^^^^^^^^^^^^^^^^^^^^^^^^^^^
  File "D:\Projects\hotel-app\virtual-env\Lib\site-packages\django\core\checks\urls.py", l
ine 61, in _load_all_namespaces
    url_patterns = getattr(resolver, "url_patterns", [])
                   ^^^^^^^^^^^^^^^^^^^^^^^^^^^^^^^^^^^^^
  File "D:\Projects\hotel-app\virtual-env\Lib\site-packages\django\utils\functional.py", l
ine 57, in __get__
    res = instance.__dict__[self.name] = self.func(instance)
                                         ^^^^^^^^^^^^^^^^^^^
  File "D:\Projects\hotel-app\virtual-env\Lib\site-packages\django\urls\resolvers.py", lin
e 715, in url_patterns
    patterns = getattr(self.urlconf_module, "urlpatterns", self.urlconf_module)
                       ^^^^^^^^^^^^^^^^^^^
  File "D:\Projects\hotel-app\virtual-env\Lib\site-packages\django\utils\functional.py", l
ine 57, in __get__
    res = instance.__dict__[self.name] = self.func(instance)
                                         ^^^^^^^^^^^^^^^^^^^
  File "D:\Projects\hotel-app\virtual-env\Lib\site-packages\django\urls\resolvers.py", lin
e 708, in urlconf_module
    return import_module(self.urlconf_name)
           ^^^^^^^^^^^^^^^^^^^^^^^^^^^^^^^^
  File "C:\Users\danko\AppData\Local\Programs\Python\Python311\Lib\importlib\__init__.py",
 line 126, in import_module
    return _bootstrap._gcd_import(name[level:], package, level)
           ^^^^^^^^^^^^^^^^^^^^^^^^^^^^^^^^^^^^^^^^^^^^^^^^^^^^
  File "<frozen importlib._bootstrap>", line 1204, in _gcd_import
  File "<frozen importlib._bootstrap>", line 1176, in _find_and_load
  File "<frozen importlib._bootstrap>", line 1147, in _find_and_load_unlocked
  File "<frozen importlib._bootstrap>", line 690, in _load_unlocked
  File "<frozen importlib._bootstrap_external>", line 940, in exec_module
  File "<frozen importlib._bootstrap>", line 241, in _call_with_frames_removed
  File "D:\Projects\hotel-app\hotelapp\urls.py", line 24, in <module>
    path('', include('bookings.urls')),
             ^^^^^^^^^^^^^^^^^^^^^^^^
  File "D:\Projects\hotel-app\virtual-env\Lib\site-packages\django\urls\conf.py", line 38,
 in include
    urlconf_module = import_module(urlconf_module)
                     ^^^^^^^^^^^^^^^^^^^^^^^^^^^^^
  File "C:\Users\danko\AppData\Local\Programs\Python\Python311\Lib\importlib\__init__.py",
 line 126, in import_module
    return _bootstrap._gcd_import(name[level:], package, level)
           ^^^^^^^^^^^^^^^^^^^^^^^^^^^^^^^^^^^^^^^^^^^^^^^^^^^^
  File "<frozen importlib._bootstrap>", line 1204, in _gcd_import
  File "<frozen importlib._bootstrap>", line 1176, in _find_and_load
  File "<frozen importlib._bootstrap>", line 1147, in _find_and_load_unlocked
  File "<frozen importlib._bootstrap>", line 690, in _load_unlocked
  File "<frozen importlib._bootstrap_external>", line 940, in exec_module
  File "<frozen importlib._bootstrap>", line 241, in _call_with_frames_removed
  File "D:\Projects\hotel-app\bookings\urls.py", line 2, in <module>
    from .views import auth_views, apartment_views
  File "D:\Projects\hotel-app\bookings\views\apartment_views.py", line 341
    return redirect('', messages=)
                                 ^
SyntaxError: invalid syntax
D:\Projects\hotel-app\bookings\views\apartment_views.py changed, reloading.
D:\Projects\hotel-app\bookings\views\apartment_views.py changed, reloading.
AXES: BEGIN version 6.1.1, blocking by ip_address
Watching for file changes with StatReloader
Watching for file changes with StatReloader
D:\Projects\hotel-app\bookings\views\apartment_views.py changed, reloading.
D:\Projects\hotel-app\bookings\views\apartment_views.py changed, reloading.
AXES: BEGIN version 6.1.1, blocking by ip_address
Watching for file changes with StatReloader
Watching for file changes with StatReloader
D:\Projects\hotel-app\bookings\views\apartment_views.py changed, reloading.
D:\Projects\hotel-app\bookings\views\apartment_views.py changed, reloading.
AXES: BEGIN version 6.1.1, blocking by ip_address
Watching for file changes with StatReloader
Watching for file changes with StatReloader
D:\Projects\hotel-app\bookings\views\apartment_views.py changed, reloading.
D:\Projects\hotel-app\bookings\views\apartment_views.py changed, reloading.
AXES: BEGIN version 6.1.1, blocking by ip_address
Watching for file changes with StatReloader
Watching for file changes with StatReloader
D:\Projects\hotel-app\bookings\views\apartment_views.py changed, reloading.
D:\Projects\hotel-app\bookings\views\apartment_views.py changed, reloading.
AXES: BEGIN version 6.1.1, blocking by ip_address
Watching for file changes with StatReloader
Watching for file changes with StatReloader
D:\Projects\hotel-app\bookings\views\apartment_views.py changed, reloading.
D:\Projects\hotel-app\bookings\views\apartment_views.py changed, reloading.
AXES: BEGIN version 6.1.1, blocking by ip_address
Watching for file changes with StatReloader
Watching for file changes with StatReloader
D:\Projects\hotel-app\bookings\views\apartment_views.py changed, reloading.
D:\Projects\hotel-app\bookings\views\apartment_views.py changed, reloading.
AXES: BEGIN version 6.1.1, blocking by ip_address
Watching for file changes with StatReloader
Watching for file changes with StatReloader
D:\Projects\hotel-app\bookings\views\apartment_views.py changed, reloading.
D:\Projects\hotel-app\bookings\views\apartment_views.py changed, reloading.
AXES: BEGIN version 6.1.1, blocking by ip_address
Watching for file changes with StatReloader
Watching for file changes with StatReloader
D:\Projects\hotel-app\bookings\views\apartment_views.py changed, reloading.
D:\Projects\hotel-app\bookings\views\apartment_views.py changed, reloading.
AXES: BEGIN version 6.1.1, blocking by ip_address
Watching for file changes with StatReloader
Watching for file changes with StatReloader
D:\Projects\hotel-app\bookings\urls.py changed, reloading.
D:\Projects\hotel-app\bookings\urls.py changed, reloading.
AXES: BEGIN version 6.1.1, blocking by ip_address
Watching for file changes with StatReloader
Watching for file changes with StatReloader
D:\Projects\hotel-app\bookings\urls.py changed, reloading.
D:\Projects\hotel-app\bookings\urls.py changed, reloading.
AXES: BEGIN version 6.1.1, blocking by ip_address
Watching for file changes with StatReloader
Watching for file changes with StatReloader
D:\Projects\hotel-app\bookings\urls.py changed, reloading.
D:\Projects\hotel-app\bookings\urls.py changed, reloading.
AXES: BEGIN version 6.1.1, blocking by ip_address
Watching for file changes with StatReloader
Watching for file changes with StatReloader
Exception in thread django-main-thread:
Traceback (most recent call last):
  File "C:\Users\danko\AppData\Local\Programs\Python\Python311\Lib\threading.py", line 103
8, in _bootstrap_inner
    self.run()
  File "C:\Users\danko\AppData\Local\Programs\Python\Python311\Lib\threading.py", line 975
, in run
    self._target(*self._args, **self._kwargs)
  File "D:\Projects\hotel-app\virtual-env\Lib\site-packages\django\utils\autoreload.py", l
ine 64, in wrapper
    fn(*args, **kwargs)
  File "D:\Projects\hotel-app\virtual-env\Lib\site-packages\django\core\management\command
s\runserver.py", line 133, in inner_run
    self.check(display_num_errors=True)
  File "D:\Projects\hotel-app\virtual-env\Lib\site-packages\django\core\management\base.py
", line 485, in check
    all_issues = checks.run_checks(
                 ^^^^^^^^^^^^^^^^^^
  File "D:\Projects\hotel-app\virtual-env\Lib\site-packages\django\core\checks\registry.py
", line 88, in run_checks
    new_errors = check(app_configs=app_configs, databases=databases)
                 ^^^^^^^^^^^^^^^^^^^^^^^^^^^^^^^^^^^^^^^^^^^^^^^^^^^
  File "D:\Projects\hotel-app\virtual-env\Lib\site-packages\django\core\checks\urls.py", l
ine 42, in check_url_namespaces_unique
    all_namespaces = _load_all_namespaces(resolver)
                     ^^^^^^^^^^^^^^^^^^^^^^^^^^^^^^
  File "D:\Projects\hotel-app\virtual-env\Lib\site-packages\django\core\checks\urls.py", l
ine 61, in _load_all_namespaces
    url_patterns = getattr(resolver, "url_patterns", [])
                   ^^^^^^^^^^^^^^^^^^^^^^^^^^^^^^^^^^^^^
  File "D:\Projects\hotel-app\virtual-env\Lib\site-packages\django\utils\functional.py", l
ine 57, in __get__
    res = instance.__dict__[self.name] = self.func(instance)
                                         ^^^^^^^^^^^^^^^^^^^
  File "D:\Projects\hotel-app\virtual-env\Lib\site-packages\django\urls\resolvers.py", lin
e 715, in url_patterns
    patterns = getattr(self.urlconf_module, "urlpatterns", self.urlconf_module)
                       ^^^^^^^^^^^^^^^^^^^
  File "D:\Projects\hotel-app\virtual-env\Lib\site-packages\django\utils\functional.py", l
ine 57, in __get__
    res = instance.__dict__[self.name] = self.func(instance)
                                         ^^^^^^^^^^^^^^^^^^^
  File "D:\Projects\hotel-app\virtual-env\Lib\site-packages\django\urls\resolvers.py", lin
e 708, in urlconf_module
    return import_module(self.urlconf_name)
           ^^^^^^^^^^^^^^^^^^^^^^^^^^^^^^^^
  File "C:\Users\danko\AppData\Local\Programs\Python\Python311\Lib\importlib\__init__.py",
 line 126, in import_module
    return _bootstrap._gcd_import(name[level:], package, level)
           ^^^^^^^^^^^^^^^^^^^^^^^^^^^^^^^^^^^^^^^^^^^^^^^^^^^^
  File "<frozen importlib._bootstrap>", line 1204, in _gcd_import
  File "<frozen importlib._bootstrap>", line 1176, in _find_and_load
  File "<frozen importlib._bootstrap>", line 1147, in _find_and_load_unlocked
  File "<frozen importlib._bootstrap>", line 690, in _load_unlocked
  File "<frozen importlib._bootstrap_external>", line 940, in exec_module
  File "<frozen importlib._bootstrap>", line 241, in _call_with_frames_removed
  File "D:\Projects\hotel-app\hotelapp\urls.py", line 24, in <module>
    path('', include('bookings.urls')),
             ^^^^^^^^^^^^^^^^^^^^^^^^
  File "D:\Projects\hotel-app\virtual-env\Lib\site-packages\django\urls\conf.py", line 38,
 in include
    urlconf_module = import_module(urlconf_module)
                     ^^^^^^^^^^^^^^^^^^^^^^^^^^^^^
  File "C:\Users\danko\AppData\Local\Programs\Python\Python311\Lib\importlib\__init__.py",
 line 126, in import_module
    return _bootstrap._gcd_import(name[level:], package, level)
           ^^^^^^^^^^^^^^^^^^^^^^^^^^^^^^^^^^^^^^^^^^^^^^^^^^^^
  File "<frozen importlib._bootstrap>", line 1204, in _gcd_import
  File "<frozen importlib._bootstrap>", line 1176, in _find_and_load
  File "<frozen importlib._bootstrap>", line 1147, in _find_and_load_unlocked
  File "<frozen importlib._bootstrap>", line 690, in _load_unlocked
  File "<frozen importlib._bootstrap_external>", line 940, in exec_module
  File "<frozen importlib._bootstrap>", line 241, in _call_with_frames_removed
  File "D:\Projects\hotel-app\bookings\urls.py", line 48, in <module>
    path()
TypeError: _path() missing 2 required positional arguments: 'route' and 'view'
D:\Projects\hotel-app\bookings\urls.py changed, reloading.
D:\Projects\hotel-app\bookings\urls.py changed, reloading.
AXES: BEGIN version 6.1.1, blocking by ip_address
Watching for file changes with StatReloader
Watching for file changes with StatReloader
D:\Projects\hotel-app\bookings\urls.py changed, reloading.
D:\Projects\hotel-app\bookings\urls.py changed, reloading.
AXES: BEGIN version 6.1.1, blocking by ip_address
Watching for file changes with StatReloader
Watching for file changes with StatReloader
Exception in thread django-main-thread:
Traceback (most recent call last):
  File "C:\Users\danko\AppData\Local\Programs\Python\Python311\Lib\threading.py", line 103
8, in _bootstrap_inner
    self.run()
  File "C:\Users\danko\AppData\Local\Programs\Python\Python311\Lib\threading.py", line 975
, in run
    self._target(*self._args, **self._kwargs)
  File "D:\Projects\hotel-app\virtual-env\Lib\site-packages\django\utils\autoreload.py", l
ine 64, in wrapper
    fn(*args, **kwargs)
  File "D:\Projects\hotel-app\virtual-env\Lib\site-packages\django\core\management\command
s\runserver.py", line 133, in inner_run
    self.check(display_num_errors=True)
  File "D:\Projects\hotel-app\virtual-env\Lib\site-packages\django\core\management\base.py
", line 485, in check
    all_issues = checks.run_checks(
                 ^^^^^^^^^^^^^^^^^^
  File "D:\Projects\hotel-app\virtual-env\Lib\site-packages\django\core\checks\registry.py
", line 88, in run_checks
    new_errors = check(app_configs=app_configs, databases=databases)
                 ^^^^^^^^^^^^^^^^^^^^^^^^^^^^^^^^^^^^^^^^^^^^^^^^^^^
  File "D:\Projects\hotel-app\virtual-env\Lib\site-packages\django\core\checks\urls.py", l
ine 42, in check_url_namespaces_unique
    all_namespaces = _load_all_namespaces(resolver)
                     ^^^^^^^^^^^^^^^^^^^^^^^^^^^^^^
  File "D:\Projects\hotel-app\virtual-env\Lib\site-packages\django\core\checks\urls.py", l
ine 61, in _load_all_namespaces
    url_patterns = getattr(resolver, "url_patterns", [])
                   ^^^^^^^^^^^^^^^^^^^^^^^^^^^^^^^^^^^^^
  File "D:\Projects\hotel-app\virtual-env\Lib\site-packages\django\utils\functional.py", l
ine 57, in __get__
    res = instance.__dict__[self.name] = self.func(instance)
                                         ^^^^^^^^^^^^^^^^^^^
  File "D:\Projects\hotel-app\virtual-env\Lib\site-packages\django\urls\resolvers.py", lin
e 715, in url_patterns
    patterns = getattr(self.urlconf_module, "urlpatterns", self.urlconf_module)
                       ^^^^^^^^^^^^^^^^^^^
  File "D:\Projects\hotel-app\virtual-env\Lib\site-packages\django\utils\functional.py", l
ine 57, in __get__
    res = instance.__dict__[self.name] = self.func(instance)
                                         ^^^^^^^^^^^^^^^^^^^
  File "D:\Projects\hotel-app\virtual-env\Lib\site-packages\django\urls\resolvers.py", lin
e 708, in urlconf_module
    return import_module(self.urlconf_name)
           ^^^^^^^^^^^^^^^^^^^^^^^^^^^^^^^^
  File "C:\Users\danko\AppData\Local\Programs\Python\Python311\Lib\importlib\__init__.py",
 line 126, in import_module
    return _bootstrap._gcd_import(name[level:], package, level)
           ^^^^^^^^^^^^^^^^^^^^^^^^^^^^^^^^^^^^^^^^^^^^^^^^^^^^
  File "<frozen importlib._bootstrap>", line 1204, in _gcd_import
  File "<frozen importlib._bootstrap>", line 1176, in _find_and_load
  File "<frozen importlib._bootstrap>", line 1147, in _find_and_load_unlocked
  File "<frozen importlib._bootstrap>", line 690, in _load_unlocked
  File "<frozen importlib._bootstrap_external>", line 940, in exec_module
  File "<frozen importlib._bootstrap>", line 241, in _call_with_frames_removed
  File "D:\Projects\hotel-app\hotelapp\urls.py", line 24, in <module>
    path('', include('bookings.urls')),
             ^^^^^^^^^^^^^^^^^^^^^^^^
  File "D:\Projects\hotel-app\virtual-env\Lib\site-packages\django\urls\conf.py", line 38,
 in include
    urlconf_module = import_module(urlconf_module)
                     ^^^^^^^^^^^^^^^^^^^^^^^^^^^^^
  File "C:\Users\danko\AppData\Local\Programs\Python\Python311\Lib\importlib\__init__.py",
 line 126, in import_module
    return _bootstrap._gcd_import(name[level:], package, level)
           ^^^^^^^^^^^^^^^^^^^^^^^^^^^^^^^^^^^^^^^^^^^^^^^^^^^^
  File "<frozen importlib._bootstrap>", line 1204, in _gcd_import
  File "<frozen importlib._bootstrap>", line 1176, in _find_and_load
  File "<frozen importlib._bootstrap>", line 1147, in _find_and_load_unlocked
  File "<frozen importlib._bootstrap>", line 690, in _load_unlocked
  File "<frozen importlib._bootstrap_external>", line 940, in exec_module
  File "<frozen importlib._bootstrap>", line 241, in _call_with_frames_removed
  File "D:\Projects\hotel-app\bookings\urls.py", line 48, in <module>
    path('booking/cancel/<int:booking_id>/', views.cancel_booking, name='cancel_booking'),
                                             ^^^^^
NameError: name 'views' is not defined
D:\Projects\hotel-app\bookings\urls.py changed, reloading.
D:\Projects\hotel-app\bookings\urls.py changed, reloading.
AXES: BEGIN version 6.1.1, blocking by ip_address
Watching for file changes with StatReloader
Watching for file changes with StatReloader
D:\Projects\hotel-app\bookings\views\apartment_views.py changed, reloading.
D:\Projects\hotel-app\bookings\views\apartment_views.py changed, reloading.
AXES: BEGIN version 6.1.1, blocking by ip_address
Watching for file changes with StatReloader
Watching for file changes with StatReloader
Exception in thread django-main-thread:
Traceback (most recent call last):
  File "C:\Users\danko\AppData\Local\Programs\Python\Python311\Lib\threading.py", line 103
8, in _bootstrap_inner
    self.run()
  File "C:\Users\danko\AppData\Local\Programs\Python\Python311\Lib\threading.py", line 975
, in run
    self._target(*self._args, **self._kwargs)
  File "D:\Projects\hotel-app\virtual-env\Lib\site-packages\django\utils\autoreload.py", l
ine 64, in wrapper
    fn(*args, **kwargs)
  File "D:\Projects\hotel-app\virtual-env\Lib\site-packages\django\core\management\command
s\runserver.py", line 133, in inner_run
    self.check(display_num_errors=True)
  File "D:\Projects\hotel-app\virtual-env\Lib\site-packages\django\core\management\base.py
", line 485, in check
    all_issues = checks.run_checks(
                 ^^^^^^^^^^^^^^^^^^
  File "D:\Projects\hotel-app\virtual-env\Lib\site-packages\django\core\checks\registry.py
", line 88, in run_checks
    new_errors = check(app_configs=app_configs, databases=databases)
                 ^^^^^^^^^^^^^^^^^^^^^^^^^^^^^^^^^^^^^^^^^^^^^^^^^^^
  File "D:\Projects\hotel-app\virtual-env\Lib\site-packages\django\core\checks\urls.py", l
ine 42, in check_url_namespaces_unique
    all_namespaces = _load_all_namespaces(resolver)
                     ^^^^^^^^^^^^^^^^^^^^^^^^^^^^^^
  File "D:\Projects\hotel-app\virtual-env\Lib\site-packages\django\core\checks\urls.py", l
ine 61, in _load_all_namespaces
    url_patterns = getattr(resolver, "url_patterns", [])
                   ^^^^^^^^^^^^^^^^^^^^^^^^^^^^^^^^^^^^^
  File "D:\Projects\hotel-app\virtual-env\Lib\site-packages\django\utils\functional.py", l
ine 57, in __get__
    res = instance.__dict__[self.name] = self.func(instance)
                                         ^^^^^^^^^^^^^^^^^^^
  File "D:\Projects\hotel-app\virtual-env\Lib\site-packages\django\urls\resolvers.py", lin
e 715, in url_patterns
    patterns = getattr(self.urlconf_module, "urlpatterns", self.urlconf_module)
                       ^^^^^^^^^^^^^^^^^^^
  File "D:\Projects\hotel-app\virtual-env\Lib\site-packages\django\utils\functional.py", l
ine 57, in __get__
    res = instance.__dict__[self.name] = self.func(instance)
                                         ^^^^^^^^^^^^^^^^^^^
  File "D:\Projects\hotel-app\virtual-env\Lib\site-packages\django\urls\resolvers.py", lin
e 708, in urlconf_module
    return import_module(self.urlconf_name)
           ^^^^^^^^^^^^^^^^^^^^^^^^^^^^^^^^
  File "C:\Users\danko\AppData\Local\Programs\Python\Python311\Lib\importlib\__init__.py",
 line 126, in import_module
    return _bootstrap._gcd_import(name[level:], package, level)
           ^^^^^^^^^^^^^^^^^^^^^^^^^^^^^^^^^^^^^^^^^^^^^^^^^^^^
  File "<frozen importlib._bootstrap>", line 1204, in _gcd_import
  File "<frozen importlib._bootstrap>", line 1176, in _find_and_load
  File "<frozen importlib._bootstrap>", line 1147, in _find_and_load_unlocked
  File "<frozen importlib._bootstrap>", line 690, in _load_unlocked
  File "<frozen importlib._bootstrap_external>", line 940, in exec_module
  File "<frozen importlib._bootstrap>", line 241, in _call_with_frames_removed
  File "D:\Projects\hotel-app\hotelapp\urls.py", line 24, in <module>
    path('', include('bookings.urls')),
             ^^^^^^^^^^^^^^^^^^^^^^^^
  File "D:\Projects\hotel-app\virtual-env\Lib\site-packages\django\urls\conf.py", line 38,
 in include
    urlconf_module = import_module(urlconf_module)
                     ^^^^^^^^^^^^^^^^^^^^^^^^^^^^^
  File "C:\Users\danko\AppData\Local\Programs\Python\Python311\Lib\importlib\__init__.py",
 line 126, in import_module
    return _bootstrap._gcd_import(name[level:], package, level)
           ^^^^^^^^^^^^^^^^^^^^^^^^^^^^^^^^^^^^^^^^^^^^^^^^^^^^
  File "<frozen importlib._bootstrap>", line 1204, in _gcd_import
  File "<frozen importlib._bootstrap>", line 1176, in _find_and_load
  File "<frozen importlib._bootstrap>", line 1147, in _find_and_load_unlocked
  File "<frozen importlib._bootstrap>", line 690, in _load_unlocked
  File "<frozen importlib._bootstrap_external>", line 940, in exec_module
  File "<frozen importlib._bootstrap>", line 241, in _call_with_frames_removed
  File "D:\Projects\hotel-app\bookings\urls.py", line 2, in <module>
    from .views import auth_views, apartment_views
  File "D:\Projects\hotel-app\bookings\views\apartment_views.py", line 121
    def my_bookings(request)L
                            ^
SyntaxError: expected ':'
D:\Projects\hotel-app\bookings\views\apartment_views.py changed, reloading.
D:\Projects\hotel-app\bookings\views\apartment_views.py changed, reloading.
AXES: BEGIN version 6.1.1, blocking by ip_address
Watching for file changes with StatReloader
Watching for file changes with StatReloader
D:\Projects\hotel-app\bookings\views\apartment_views.py changed, reloading.
D:\Projects\hotel-app\bookings\views\apartment_views.py changed, reloading.
AXES: BEGIN version 6.1.1, blocking by ip_address
Watching for file changes with StatReloader
Watching for file changes with StatReloader
D:\Projects\hotel-app\bookings\views\apartment_views.py changed, reloading.
D:\Projects\hotel-app\bookings\views\apartment_views.py changed, reloading.
AXES: BEGIN version 6.1.1, blocking by ip_address
Watching for file changes with StatReloader
Watching for file changes with StatReloader
D:\Projects\hotel-app\bookings\urls.py changed, reloading.
D:\Projects\hotel-app\bookings\urls.py changed, reloading.
AXES: BEGIN version 6.1.1, blocking by ip_address
Watching for file changes with StatReloader
Watching for file changes with StatReloader
D:\Projects\hotel-app\bookings\urls.py changed, reloading.
D:\Projects\hotel-app\bookings\urls.py changed, reloading.
AXES: BEGIN version 6.1.1, blocking by ip_address
Watching for file changes with StatReloader
Watching for file changes with StatReloader
Exception in thread django-main-thread:
Traceback (most recent call last):
  File "C:\Users\danko\AppData\Local\Programs\Python\Python311\Lib\threading.py", line 103
8, in _bootstrap_inner
    self.run()
  File "C:\Users\danko\AppData\Local\Programs\Python\Python311\Lib\threading.py", line 975
, in run
    self._target(*self._args, **self._kwargs)
  File "D:\Projects\hotel-app\virtual-env\Lib\site-packages\django\utils\autoreload.py", l
ine 64, in wrapper
    fn(*args, **kwargs)
  File "D:\Projects\hotel-app\virtual-env\Lib\site-packages\django\core\management\command
s\runserver.py", line 133, in inner_run
    self.check(display_num_errors=True)
  File "D:\Projects\hotel-app\virtual-env\Lib\site-packages\django\core\management\base.py
", line 485, in check
    all_issues = checks.run_checks(
                 ^^^^^^^^^^^^^^^^^^
  File "D:\Projects\hotel-app\virtual-env\Lib\site-packages\django\core\checks\registry.py
", line 88, in run_checks
    new_errors = check(app_configs=app_configs, databases=databases)
                 ^^^^^^^^^^^^^^^^^^^^^^^^^^^^^^^^^^^^^^^^^^^^^^^^^^^
  File "D:\Projects\hotel-app\virtual-env\Lib\site-packages\django\core\checks\urls.py", l
ine 42, in check_url_namespaces_unique
    all_namespaces = _load_all_namespaces(resolver)
                     ^^^^^^^^^^^^^^^^^^^^^^^^^^^^^^
  File "D:\Projects\hotel-app\virtual-env\Lib\site-packages\django\core\checks\urls.py", l
ine 61, in _load_all_namespaces
    url_patterns = getattr(resolver, "url_patterns", [])
                   ^^^^^^^^^^^^^^^^^^^^^^^^^^^^^^^^^^^^^
  File "D:\Projects\hotel-app\virtual-env\Lib\site-packages\django\utils\functional.py", l
ine 57, in __get__
    res = instance.__dict__[self.name] = self.func(instance)
                                         ^^^^^^^^^^^^^^^^^^^
  File "D:\Projects\hotel-app\virtual-env\Lib\site-packages\django\urls\resolvers.py", lin
e 715, in url_patterns
    patterns = getattr(self.urlconf_module, "urlpatterns", self.urlconf_module)
                       ^^^^^^^^^^^^^^^^^^^
  File "D:\Projects\hotel-app\virtual-env\Lib\site-packages\django\utils\functional.py", l
ine 57, in __get__
    res = instance.__dict__[self.name] = self.func(instance)
                                         ^^^^^^^^^^^^^^^^^^^
  File "D:\Projects\hotel-app\virtual-env\Lib\site-packages\django\urls\resolvers.py", lin
e 708, in urlconf_module
    return import_module(self.urlconf_name)
           ^^^^^^^^^^^^^^^^^^^^^^^^^^^^^^^^
  File "C:\Users\danko\AppData\Local\Programs\Python\Python311\Lib\importlib\__init__.py",
 line 126, in import_module
    return _bootstrap._gcd_import(name[level:], package, level)
           ^^^^^^^^^^^^^^^^^^^^^^^^^^^^^^^^^^^^^^^^^^^^^^^^^^^^
  File "<frozen importlib._bootstrap>", line 1204, in _gcd_import
  File "<frozen importlib._bootstrap>", line 1176, in _find_and_load
  File "<frozen importlib._bootstrap>", line 1147, in _find_and_load_unlocked
  File "<frozen importlib._bootstrap>", line 690, in _load_unlocked
  File "<frozen importlib._bootstrap_external>", line 940, in exec_module
  File "<frozen importlib._bootstrap>", line 241, in _call_with_frames_removed
  File "D:\Projects\hotel-app\hotelapp\urls.py", line 24, in <module>
    path('', include('bookings.urls')),
             ^^^^^^^^^^^^^^^^^^^^^^^^
  File "D:\Projects\hotel-app\virtual-env\Lib\site-packages\django\urls\conf.py", line 38,
 in include
    urlconf_module = import_module(urlconf_module)
                     ^^^^^^^^^^^^^^^^^^^^^^^^^^^^^
  File "C:\Users\danko\AppData\Local\Programs\Python\Python311\Lib\importlib\__init__.py",
 line 126, in import_module
    return _bootstrap._gcd_import(name[level:], package, level)
           ^^^^^^^^^^^^^^^^^^^^^^^^^^^^^^^^^^^^^^^^^^^^^^^^^^^^
  File "<frozen importlib._bootstrap>", line 1204, in _gcd_import
  File "<frozen importlib._bootstrap>", line 1176, in _find_and_load
  File "<frozen importlib._bootstrap>", line 1147, in _find_and_load_unlocked
  File "<frozen importlib._bootstrap>", line 690, in _load_unlocked
  File "<frozen importlib._bootstrap_external>", line 940, in exec_module
  File "<frozen importlib._bootstrap>", line 241, in _call_with_frames_removed
  File "D:\Projects\hotel-app\bookings\urls.py", line 51, in <module>
    path()
TypeError: _path() missing 2 required positional arguments: 'route' and 'view'
D:\Projects\hotel-app\bookings\urls.py changed, reloading.
D:\Projects\hotel-app\bookings\urls.py changed, reloading.
AXES: BEGIN version 6.1.1, blocking by ip_address
Watching for file changes with StatReloader
Watching for file changes with StatReloader
Exception in thread django-main-thread:
Traceback (most recent call last):
  File "C:\Users\danko\AppData\Local\Programs\Python\Python311\Lib\threading.py", line 103
8, in _bootstrap_inner
    self.run()
  File "C:\Users\danko\AppData\Local\Programs\Python\Python311\Lib\threading.py", line 975
, in run
    self._target(*self._args, **self._kwargs)
  File "D:\Projects\hotel-app\virtual-env\Lib\site-packages\django\utils\autoreload.py", l
ine 64, in wrapper
    fn(*args, **kwargs)
  File "D:\Projects\hotel-app\virtual-env\Lib\site-packages\django\core\management\command
s\runserver.py", line 133, in inner_run
    self.check(display_num_errors=True)
  File "D:\Projects\hotel-app\virtual-env\Lib\site-packages\django\core\management\base.py
", line 485, in check
    all_issues = checks.run_checks(
                 ^^^^^^^^^^^^^^^^^^
  File "D:\Projects\hotel-app\virtual-env\Lib\site-packages\django\core\checks\registry.py
", line 88, in run_checks
    new_errors = check(app_configs=app_configs, databases=databases)
                 ^^^^^^^^^^^^^^^^^^^^^^^^^^^^^^^^^^^^^^^^^^^^^^^^^^^
  File "D:\Projects\hotel-app\virtual-env\Lib\site-packages\django\core\checks\urls.py", l
ine 42, in check_url_namespaces_unique
    all_namespaces = _load_all_namespaces(resolver)
                     ^^^^^^^^^^^^^^^^^^^^^^^^^^^^^^
  File "D:\Projects\hotel-app\virtual-env\Lib\site-packages\django\core\checks\urls.py", l
ine 61, in _load_all_namespaces
    url_patterns = getattr(resolver, "url_patterns", [])
                   ^^^^^^^^^^^^^^^^^^^^^^^^^^^^^^^^^^^^^
  File "D:\Projects\hotel-app\virtual-env\Lib\site-packages\django\utils\functional.py", l
ine 57, in __get__
    res = instance.__dict__[self.name] = self.func(instance)
                                         ^^^^^^^^^^^^^^^^^^^
  File "D:\Projects\hotel-app\virtual-env\Lib\site-packages\django\urls\resolvers.py", lin
e 715, in url_patterns
    patterns = getattr(self.urlconf_module, "urlpatterns", self.urlconf_module)
                       ^^^^^^^^^^^^^^^^^^^
  File "D:\Projects\hotel-app\virtual-env\Lib\site-packages\django\utils\functional.py", l
ine 57, in __get__
    res = instance.__dict__[self.name] = self.func(instance)
                                         ^^^^^^^^^^^^^^^^^^^
  File "D:\Projects\hotel-app\virtual-env\Lib\site-packages\django\urls\resolvers.py", lin
e 708, in urlconf_module
    return import_module(self.urlconf_name)
           ^^^^^^^^^^^^^^^^^^^^^^^^^^^^^^^^
  File "C:\Users\danko\AppData\Local\Programs\Python\Python311\Lib\importlib\__init__.py",
 line 126, in import_module
    return _bootstrap._gcd_import(name[level:], package, level)
           ^^^^^^^^^^^^^^^^^^^^^^^^^^^^^^^^^^^^^^^^^^^^^^^^^^^^
  File "<frozen importlib._bootstrap>", line 1204, in _gcd_import
  File "<frozen importlib._bootstrap>", line 1176, in _find_and_load
  File "<frozen importlib._bootstrap>", line 1147, in _find_and_load_unlocked
  File "<frozen importlib._bootstrap>", line 690, in _load_unlocked
  File "<frozen importlib._bootstrap_external>", line 940, in exec_module
  File "<frozen importlib._bootstrap>", line 241, in _call_with_frames_removed
  File "D:\Projects\hotel-app\hotelapp\urls.py", line 24, in <module>
    path('', include('bookings.urls')),
             ^^^^^^^^^^^^^^^^^^^^^^^^
  File "D:\Projects\hotel-app\virtual-env\Lib\site-packages\django\urls\conf.py", line 38,
 in include
    urlconf_module = import_module(urlconf_module)
                     ^^^^^^^^^^^^^^^^^^^^^^^^^^^^^
  File "C:\Users\danko\AppData\Local\Programs\Python\Python311\Lib\importlib\__init__.py",
 line 126, in import_module
    return _bootstrap._gcd_import(name[level:], package, level)
           ^^^^^^^^^^^^^^^^^^^^^^^^^^^^^^^^^^^^^^^^^^^^^^^^^^^^
  File "<frozen importlib._bootstrap>", line 1204, in _gcd_import
  File "<frozen importlib._bootstrap>", line 1176, in _find_and_load
  File "<frozen importlib._bootstrap>", line 1147, in _find_and_load_unlocked
  File "<frozen importlib._bootstrap>", line 690, in _load_unlocked
  File "<frozen importlib._bootstrap_external>", line 940, in exec_module
  File "<frozen importlib._bootstrap>", line 241, in _call_with_frames_removed
  File "D:\Projects\hotel-app\bookings\urls.py", line 51, in <module>
    path('my-bookings/')
TypeError: _path() missing 1 required positional argument: 'view'
D:\Projects\hotel-app\bookings\urls.py changed, reloading.
D:\Projects\hotel-app\bookings\urls.py changed, reloading.
AXES: BEGIN version 6.1.1, blocking by ip_address
Watching for file changes with StatReloader
Watching for file changes with StatReloader
D:\Projects\hotel-app\bookings\urls.py changed, reloading.
D:\Projects\hotel-app\bookings\urls.py changed, reloading.
AXES: BEGIN version 6.1.1, blocking by ip_address
Watching for file changes with StatReloader
Watching for file changes with StatReloader
Exception in thread django-main-thread:
Traceback (most recent call last):
  File "C:\Users\danko\AppData\Local\Programs\Python\Python311\Lib\threading.py", line 103
8, in _bootstrap_inner
    self.run()
  File "C:\Users\danko\AppData\Local\Programs\Python\Python311\Lib\threading.py", line 975
, in run
    self._target(*self._args, **self._kwargs)
  File "D:\Projects\hotel-app\virtual-env\Lib\site-packages\django\utils\autoreload.py", l
ine 64, in wrapper
    fn(*args, **kwargs)
  File "D:\Projects\hotel-app\virtual-env\Lib\site-packages\django\core\management\command
s\runserver.py", line 133, in inner_run
    self.check(display_num_errors=True)
  File "D:\Projects\hotel-app\virtual-env\Lib\site-packages\django\core\management\base.py
", line 485, in check
    all_issues = checks.run_checks(
                 ^^^^^^^^^^^^^^^^^^
  File "D:\Projects\hotel-app\virtual-env\Lib\site-packages\django\core\checks\registry.py
", line 88, in run_checks
    new_errors = check(app_configs=app_configs, databases=databases)
                 ^^^^^^^^^^^^^^^^^^^^^^^^^^^^^^^^^^^^^^^^^^^^^^^^^^^
  File "D:\Projects\hotel-app\virtual-env\Lib\site-packages\django\core\checks\urls.py", l
ine 42, in check_url_namespaces_unique
    all_namespaces = _load_all_namespaces(resolver)
                     ^^^^^^^^^^^^^^^^^^^^^^^^^^^^^^
  File "D:\Projects\hotel-app\virtual-env\Lib\site-packages\django\core\checks\urls.py", l
ine 61, in _load_all_namespaces
    url_patterns = getattr(resolver, "url_patterns", [])
                   ^^^^^^^^^^^^^^^^^^^^^^^^^^^^^^^^^^^^^
  File "D:\Projects\hotel-app\virtual-env\Lib\site-packages\django\utils\functional.py", l
ine 57, in __get__
    res = instance.__dict__[self.name] = self.func(instance)
                                         ^^^^^^^^^^^^^^^^^^^
  File "D:\Projects\hotel-app\virtual-env\Lib\site-packages\django\urls\resolvers.py", lin
e 715, in url_patterns
    patterns = getattr(self.urlconf_module, "urlpatterns", self.urlconf_module)
                       ^^^^^^^^^^^^^^^^^^^
  File "D:\Projects\hotel-app\virtual-env\Lib\site-packages\django\utils\functional.py", l
ine 57, in __get__
    res = instance.__dict__[self.name] = self.func(instance)
                                         ^^^^^^^^^^^^^^^^^^^
  File "D:\Projects\hotel-app\virtual-env\Lib\site-packages\django\urls\resolvers.py", lin
e 708, in urlconf_module
    return import_module(self.urlconf_name)
           ^^^^^^^^^^^^^^^^^^^^^^^^^^^^^^^^
  File "C:\Users\danko\AppData\Local\Programs\Python\Python311\Lib\importlib\__init__.py",
 line 126, in import_module
    return _bootstrap._gcd_import(name[level:], package, level)
           ^^^^^^^^^^^^^^^^^^^^^^^^^^^^^^^^^^^^^^^^^^^^^^^^^^^^
  File "<frozen importlib._bootstrap>", line 1204, in _gcd_import
  File "<frozen importlib._bootstrap>", line 1176, in _find_and_load
  File "<frozen importlib._bootstrap>", line 1147, in _find_and_load_unlocked
  File "<frozen importlib._bootstrap>", line 690, in _load_unlocked
  File "<frozen importlib._bootstrap_external>", line 940, in exec_module
  File "<frozen importlib._bootstrap>", line 241, in _call_with_frames_removed
  File "D:\Projects\hotel-app\hotelapp\urls.py", line 24, in <module>
    path('', include('bookings.urls')),
             ^^^^^^^^^^^^^^^^^^^^^^^^
  File "D:\Projects\hotel-app\virtual-env\Lib\site-packages\django\urls\conf.py", line 38,
 in include
    urlconf_module = import_module(urlconf_module)
                     ^^^^^^^^^^^^^^^^^^^^^^^^^^^^^
  File "C:\Users\danko\AppData\Local\Programs\Python\Python311\Lib\importlib\__init__.py",
 line 126, in import_module
    return _bootstrap._gcd_import(name[level:], package, level)
           ^^^^^^^^^^^^^^^^^^^^^^^^^^^^^^^^^^^^^^^^^^^^^^^^^^^^
  File "<frozen importlib._bootstrap>", line 1204, in _gcd_import
  File "<frozen importlib._bootstrap>", line 1176, in _find_and_load
  File "<frozen importlib._bootstrap>", line 1147, in _find_and_load_unlocked
  File "<frozen importlib._bootstrap>", line 690, in _load_unlocked
  File "<frozen importlib._bootstrap_external>", line 936, in exec_module
  File "<frozen importlib._bootstrap_external>", line 1074, in get_code
  File "<frozen importlib._bootstrap_external>", line 1004, in source_to_code
  File "<frozen importlib._bootstrap>", line 241, in _call_with_frames_removed
  File "D:\Projects\hotel-app\bookings\urls.py", line 51
    path('my-bookings/', apartment_views.my_bookings, name=)
                                                           ^
SyntaxError: invalid syntax
D:\Projects\hotel-app\bookings\urls.py changed, reloading.
D:\Projects\hotel-app\bookings\urls.py changed, reloading.
AXES: BEGIN version 6.1.1, blocking by ip_address
Watching for file changes with StatReloader
Watching for file changes with StatReloader
[07/Oct/2023 01:45:20] [m"GET / HTTP/1.1" 200 6866[0m
[07/Oct/2023 01:45:22] [m"GET /my-bookings/ HTTP/1.1" 200 1[0m
[07/Oct/2023 01:45:26] [m"GET /my-bookings/ HTTP/1.1" 200 1[0m
Internal Server Error: /my-bookings/
Traceback (most recent call last):
  File "D:\Projects\hotel-app\virtual-env\Lib\site-packages\django\core\handlers\exception
.py", line 55, in inner
    response = get_response(request)
               ^^^^^^^^^^^^^^^^^^^^^
  File "D:\Projects\hotel-app\virtual-env\Lib\site-packages\django\core\handlers\base.py",
 line 197, in _get_response
    response = wrapped_callback(request, *callback_args, **callback_kwargs)
               ^^^^^^^^^^^^^^^^^^^^^^^^^^^^^^^^^^^^^^^^^^^^^^^^^^^^^^^^^^^^
  File "D:\Projects\hotel-app\bookings\views\apartment_views.py", line 122, in my_bookings
    return render(request, 'bookings/my_bookings.html')
           ^^^^^^^^^^^^^^^^^^^^^^^^^^^^^^^^^^^^^^^^^^^^
  File "D:\Projects\hotel-app\virtual-env\Lib\site-packages\django\shortcuts.py", line 24,
 in render
    content = loader.render_to_string(template_name, context, request, using=using)
              ^^^^^^^^^^^^^^^^^^^^^^^^^^^^^^^^^^^^^^^^^^^^^^^^^^^^^^^^^^^^^^^^^^^^^
  File "D:\Projects\hotel-app\virtual-env\Lib\site-packages\django\template\loader.py", li
ne 61, in render_to_string
    template = get_template(template_name, using=using)
               ^^^^^^^^^^^^^^^^^^^^^^^^^^^^^^^^^^^^^^^^
  File "D:\Projects\hotel-app\virtual-env\Lib\site-packages\django\template\loader.py", li
ne 15, in get_template
    return engine.get_template(template_name)
           ^^^^^^^^^^^^^^^^^^^^^^^^^^^^^^^^^^
  File "D:\Projects\hotel-app\virtual-env\Lib\site-packages\django\template\backends\djang
o.py", line 33, in get_template
    return Template(self.engine.get_template(template_name), self)
                    ^^^^^^^^^^^^^^^^^^^^^^^^^^^^^^^^^^^^^^^
  File "D:\Projects\hotel-app\virtual-env\Lib\site-packages\django\template\engine.py", li
ne 175, in get_template
    template, origin = self.find_template(template_name)
                       ^^^^^^^^^^^^^^^^^^^^^^^^^^^^^^^^^
  File "D:\Projects\hotel-app\virtual-env\Lib\site-packages\django\template\engine.py", li
ne 157, in find_template
    template = loader.get_template(name, skip=skip)
               ^^^^^^^^^^^^^^^^^^^^^^^^^^^^^^^^^^^^
  File "D:\Projects\hotel-app\virtual-env\Lib\site-packages\django\template\loaders\cached
.py", line 57, in get_template
    template = super().get_template(template_name, skip)
               ^^^^^^^^^^^^^^^^^^^^^^^^^^^^^^^^^^^^^^^^^
  File "D:\Projects\hotel-app\virtual-env\Lib\site-packages\django\template\loaders\base.p
y", line 28, in get_template
    return Template(
           ^^^^^^^^^
  File "D:\Projects\hotel-app\virtual-env\Lib\site-packages\django\template\base.py", line
 154, in __init__
    self.nodelist = self.compile_nodelist()
                    ^^^^^^^^^^^^^^^^^^^^^^^
  File "D:\Projects\hotel-app\virtual-env\Lib\site-packages\django\template\base.py", line
 200, in compile_nodelist
    return parser.parse()
           ^^^^^^^^^^^^^^
  File "D:\Projects\hotel-app\virtual-env\Lib\site-packages\django\template\base.py", line
 513, in parse
    raise self.error(token, e)
  File "D:\Projects\hotel-app\virtual-env\Lib\site-packages\django\template\base.py", line
 511, in parse
    compiled_result = compile_func(self, token)
                      ^^^^^^^^^^^^^^^^^^^^^^^^^
  File "D:\Projects\hotel-app\virtual-env\Lib\site-packages\django\template\loader_tags.py
", line 292, in do_extends
    parent_name = parser.compile_filter(bits[1])
                  ^^^^^^^^^^^^^^^^^^^^^^^^^^^^^^
  File "D:\Projects\hotel-app\virtual-env\Lib\site-packages\django\template\base.py", line
 600, in compile_filter
    return FilterExpression(token, self)
           ^^^^^^^^^^^^^^^^^^^^^^^^^^^^^
  File "D:\Projects\hotel-app\virtual-env\Lib\site-packages\django\template\base.py", line
 703, in __init__
    raise TemplateSyntaxError(
django.template.exceptions.TemplateSyntaxError: Could not parse the remainder: '/base.html
' from 'bookings/base.html'
Internal Server Error: /my-bookings/
Traceback (most recent call last):
  File "D:\Projects\hotel-app\virtual-env\Lib\site-packages\django\core\handlers\exception
.py", line 55, in inner
    response = get_response(request)
               ^^^^^^^^^^^^^^^^^^^^^
  File "D:\Projects\hotel-app\virtual-env\Lib\site-packages\django\core\handlers\base.py",
 line 197, in _get_response
    response = wrapped_callback(request, *callback_args, **callback_kwargs)
               ^^^^^^^^^^^^^^^^^^^^^^^^^^^^^^^^^^^^^^^^^^^^^^^^^^^^^^^^^^^^
  File "D:\Projects\hotel-app\bookings\views\apartment_views.py", line 122, in my_bookings
    return render(request, 'bookings/my_bookings.html')
           ^^^^^^^^^^^^^^^^^^^^^^^^^^^^^^^^^^^^^^^^^^^^
  File "D:\Projects\hotel-app\virtual-env\Lib\site-packages\django\shortcuts.py", line 24,
 in render
    content = loader.render_to_string(template_name, context, request, using=using)
              ^^^^^^^^^^^^^^^^^^^^^^^^^^^^^^^^^^^^^^^^^^^^^^^^^^^^^^^^^^^^^^^^^^^^^
  File "D:\Projects\hotel-app\virtual-env\Lib\site-packages\django\template\loader.py", li
ne 61, in render_to_string
    template = get_template(template_name, using=using)
               ^^^^^^^^^^^^^^^^^^^^^^^^^^^^^^^^^^^^^^^^
  File "D:\Projects\hotel-app\virtual-env\Lib\site-packages\django\template\loader.py", li
ne 15, in get_template
    return engine.get_template(template_name)
           ^^^^^^^^^^^^^^^^^^^^^^^^^^^^^^^^^^
  File "D:\Projects\hotel-app\virtual-env\Lib\site-packages\django\template\backends\djang
o.py", line 33, in get_template
    return Template(self.engine.get_template(template_name), self)
                    ^^^^^^^^^^^^^^^^^^^^^^^^^^^^^^^^^^^^^^^
  File "D:\Projects\hotel-app\virtual-env\Lib\site-packages\django\template\engine.py", li
ne 175, in get_template
    template, origin = self.find_template(template_name)
                       ^^^^^^^^^^^^^^^^^^^^^^^^^^^^^^^^^
  File "D:\Projects\hotel-app\virtual-env\Lib\site-packages\django\template\engine.py", li
ne 157, in find_template
    template = loader.get_template(name, skip=skip)
               ^^^^^^^^^^^^^^^^^^^^^^^^^^^^^^^^^^^^
  File "D:\Projects\hotel-app\virtual-env\Lib\site-packages\django\template\loaders\cached
.py", line 57, in get_template
    template = super().get_template(template_name, skip)
               ^^^^^^^^^^^^^^^^^^^^^^^^^^^^^^^^^^^^^^^^^
  File "D:\Projects\hotel-app\virtual-env\Lib\site-packages\django\template\loaders\base.p
y", line 28, in get_template
    return Template(
           ^^^^^^^^^
  File "D:\Projects\hotel-app\virtual-env\Lib\site-packages\django\template\base.py", line
 154, in __init__
    self.nodelist = self.compile_nodelist()
                    ^^^^^^^^^^^^^^^^^^^^^^^
  File "D:\Projects\hotel-app\virtual-env\Lib\site-packages\django\template\base.py", line
 200, in compile_nodelist
    return parser.parse()
           ^^^^^^^^^^^^^^
  File "D:\Projects\hotel-app\virtual-env\Lib\site-packages\django\template\base.py", line
 513, in parse
    raise self.error(token, e)
  File "D:\Projects\hotel-app\virtual-env\Lib\site-packages\django\template\base.py", line
 511, in parse
    compiled_result = compile_func(self, token)
                      ^^^^^^^^^^^^^^^^^^^^^^^^^
  File "D:\Projects\hotel-app\virtual-env\Lib\site-packages\django\template\loader_tags.py
", line 292, in do_extends
    parent_name = parser.compile_filter(bits[1])
                  ^^^^^^^^^^^^^^^^^^^^^^^^^^^^^^
  File "D:\Projects\hotel-app\virtual-env\Lib\site-packages\django\template\base.py", line
 600, in compile_filter
    return FilterExpression(token, self)
           ^^^^^^^^^^^^^^^^^^^^^^^^^^^^^
  File "D:\Projects\hotel-app\virtual-env\Lib\site-packages\django\template\base.py", line
 703, in __init__
    raise TemplateSyntaxError(
django.template.exceptions.TemplateSyntaxError: Could not parse the remainder: '/base.html
' from 'bookings/base.html'
[07/Oct/2023 01:46:42] [35;1m"GET /my-bookings/ HTTP/1.1" 500 153903[0m
[07/Oct/2023 01:46:56] [m"GET /my-bookings/ HTTP/1.1" 200 3985[0m
[07/Oct/2023 01:46:59] [m"GET /my-bookings/ HTTP/1.1" 200 3985[0m
